Archive member included to satisfy reference by file (symbol)

.\CortexM0\ARM_GCC_541\Debug\SysTick_Example02.a(UART.o)
                              .\CortexM0\ARM_GCC_541\Debug\main.o (UART_Start)
.\CortexM0\ARM_GCC_541\Debug\SysTick_Example02.a(UART_UART.o)
                              .\CortexM0\ARM_GCC_541\Debug\SysTick_Example02.a(UART.o) (UART_UartInit)
.\CortexM0\ARM_GCC_541\Debug\SysTick_Example02.a(CyLib.o)
                              .\CortexM0\ARM_GCC_541\Debug\cyfitter_cfg.o (CySysClkWriteImoFreq)
.\CortexM0\ARM_GCC_541\Debug\SysTick_Example02.a(CyLFClk.o)
                              .\CortexM0\ARM_GCC_541\Debug\SysTick_Example02.a(CyLib.o) (CySysClkWcoEnabled)
.\CortexM0\ARM_GCC_541\Debug\SysTick_Example02.a(SW0.o)
                              .\CortexM0\ARM_GCC_541\Debug\main.o (SW0_ClearInterrupt)
.\CortexM0\ARM_GCC_541\Debug\SysTick_Example02.a(LED.o)
                              .\CortexM0\ARM_GCC_541\Debug\main.o (LED_Write)
.\CortexM0\ARM_GCC_541\Debug\SysTick_Example02.a(SW2.o)
                              .\CortexM0\ARM_GCC_541\Debug\main.o (SW2_ClearInterrupt)
.\CortexM0\ARM_GCC_541\Debug\SysTick_Example02.a(isr_GPIO_2.o)
                              .\CortexM0\ARM_GCC_541\Debug\main.o (isr_GPIO_2_Disable)
.\CortexM0\ARM_GCC_541\Debug\SysTick_Example02.a(isr_GPIO_1.o)
                              .\CortexM0\ARM_GCC_541\Debug\main.o (isr_GPIO_1_Disable)
.\CortexM0\ARM_GCC_541\Debug\SysTick_Example02.a(SW1.o)
                              .\CortexM0\ARM_GCC_541\Debug\main.o (SW1_ClearInterrupt)
.\CortexM0\ARM_GCC_541\Debug\SysTick_Example02.a(isr_GPIO_0.o)
                              .\CortexM0\ARM_GCC_541\Debug\main.o (isr_GPIO_0_Disable)
.\CortexM0\ARM_GCC_541\Debug\SysTick_Example02.a(isr_GPIO_3.o)
                              .\CortexM0\ARM_GCC_541\Debug\main.o (isr_GPIO_3_Disable)
.\CortexM0\ARM_GCC_541\Debug\SysTick_Example02.a(SW3.o)
                              .\CortexM0\ARM_GCC_541\Debug\main.o (SW3_ClearInterrupt)
.\CortexM0\ARM_GCC_541\Debug\SysTick_Example02.a(LED_GPIO0.o)
                              .\CortexM0\ARM_GCC_541\Debug\main.o (LED_GPIO0_Write)
.\CortexM0\ARM_GCC_541\Debug\SysTick_Example02.a(LED_GPIO1.o)
                              .\CortexM0\ARM_GCC_541\Debug\main.o (LED_GPIO1_Write)
.\CortexM0\ARM_GCC_541\Debug\SysTick_Example02.a(LED_GPIO2.o)
                              .\CortexM0\ARM_GCC_541\Debug\main.o (LED_GPIO2_Write)
.\CortexM0\ARM_GCC_541\Debug\SysTick_Example02.a(LED_GPIO3.o)
                              .\CortexM0\ARM_GCC_541\Debug\main.o (LED_GPIO3_Write)
.\CortexM0\ARM_GCC_541\Debug\SysTick_Example02.a(isr_GPIO_4.o)
                              .\CortexM0\ARM_GCC_541\Debug\main.o (isr_GPIO_4_Disable)
.\CortexM0\ARM_GCC_541\Debug\SysTick_Example02.a(SW4.o)
                              .\CortexM0\ARM_GCC_541\Debug\main.o (SW4_ClearInterrupt)
.\CortexM0\ARM_GCC_541\Debug\SysTick_Example02.a(isr_GPIO_5.o)
                              .\CortexM0\ARM_GCC_541\Debug\main.o (isr_GPIO_5_Disable)
.\CortexM0\ARM_GCC_541\Debug\SysTick_Example02.a(SW5.o)
                              .\CortexM0\ARM_GCC_541\Debug\main.o (SW5_ClearInterrupt)
.\CortexM0\ARM_GCC_541\Debug\SysTick_Example02.a(LED_GPIO4.o)
                              .\CortexM0\ARM_GCC_541\Debug\main.o (LED_GPIO4_Write)
.\CortexM0\ARM_GCC_541\Debug\SysTick_Example02.a(LED_GPIO5.o)
                              .\CortexM0\ARM_GCC_541\Debug\main.o (LED_GPIO5_Write)
.\CortexM0\ARM_GCC_541\Debug\SysTick_Example02.a(CyBootAsmGnu.o)
                              .\CortexM0\ARM_GCC_541\Debug\SysTick_Example02.a(CyLib.o) (CyDelayCycles)
.\CortexM0\ARM_GCC_541\Debug\SysTick_Example02.a(UART_SPI_UART.o)
                              .\CortexM0\ARM_GCC_541\Debug\SysTick_Example02.a(UART_UART.o) (UART_SpiUartReadRxData)
.\CortexM0\ARM_GCC_541\Debug\SysTick_Example02.a(CyFlash.o)
                              .\CortexM0\ARM_GCC_541\Debug\SysTick_Example02.a(CyLib.o) (CySysFlashSetWaitCycles)
c:/program files (x86)/cypress/psoc creator/4.4/psoc creator/import/gnu/arm/5.4.1/bin/../lib/gcc/arm-none-eabi/5.4.1/armv6-m\libgcc.a(_udivsi3.o)
                              .\CortexM0\ARM_GCC_541\Debug\SysTick_Example02.a(CyLib.o) (__aeabi_uidiv)
c:/program files (x86)/cypress/psoc creator/4.4/psoc creator/import/gnu/arm/5.4.1/bin/../lib/gcc/arm-none-eabi/5.4.1/armv6-m\libgcc.a(_divsi3.o)
                              .\CortexM0\ARM_GCC_541\Debug\SysTick_Example02.a(CyLFClk.o) (__aeabi_idiv)
c:/program files (x86)/cypress/psoc creator/4.4/psoc creator/import/gnu/arm/5.4.1/bin/../lib/gcc/arm-none-eabi/5.4.1/armv6-m\libgcc.a(_dvmd_tls.o)
                              c:/program files (x86)/cypress/psoc creator/4.4/psoc creator/import/gnu/arm/5.4.1/bin/../lib/gcc/arm-none-eabi/5.4.1/armv6-m\libgcc.a(_udivsi3.o) (__aeabi_idiv0)
[...]
Memory Configuration

Name             Origin             Length             Attributes
rom              0x00000000         0x00020000         xr
ram              0x20000000         0x00004000         xrw
*default*        0x00000000         0xffffffff

Linker script and memory map

LOAD c:/program files (x86)/cypress/psoc creator/4.4/psoc creator/import/gnu/arm/5.4.1/bin/../lib/gcc/arm-none-eabi/5.4.1/armv6-m/crti.o
LOAD c:/program files (x86)/cypress/psoc creator/4.4/psoc creator/import/gnu/arm/5.4.1/bin/../lib/gcc/arm-none-eabi/5.4.1/armv6-m/crtbegin.o
LOAD c:/program files (x86)/cypress/psoc creator/4.4/psoc creator/import/gnu/arm/5.4.1/bin/../lib/gcc/arm-none-eabi/5.4.1/../../../../arm-none-eabi/lib/armv6-m/crt0.o
START GROUP
LOAD .\CortexM0\ARM_GCC_541\Debug\main.o
LOAD .\CortexM0\ARM_GCC_541\Debug\cyfitter_cfg.o
LOAD .\CortexM0\ARM_GCC_541\Debug\cymetadata.o
LOAD .\CortexM0\ARM_GCC_541\Debug\Cm0Start.o
LOAD .\CortexM0\ARM_GCC_541\Debug\SysTick_Example02.a
END GROUP
START GROUP
LOAD c:/program files (x86)/cypress/psoc creator/4.4/psoc creator/import/gnu/arm/5.4.1/bin/../lib/gcc/arm-none-eabi/5.4.1/armv6-m\libgcc.a
LOAD c:/program files (x86)/cypress/psoc creator/4.4/psoc creator/import/gnu/arm/5.4.1/bin/../lib/gcc/arm-none-eabi/5.4.1/../../../../arm-none-eabi/lib/armv6-m\libg_nano.a
LOAD c:/program files (x86)/cypress/psoc creator/4.4/psoc creator/import/gnu/arm/5.4.1/bin/../lib/gcc/arm-none-eabi/5.4.1/../../../../arm-none-eabi/lib/armv6-m\libc_nano.a
END GROUP
START GROUP
LOAD c:/program files (x86)/cypress/psoc creator/4.4/psoc creator/import/gnu/arm/5.4.1/bin/../lib/gcc/arm-none-eabi/5.4.1/armv6-m\libgcc.a
LOAD c:/program files (x86)/cypress/psoc creator/4.4/psoc creator/import/gnu/arm/5.4.1/bin/../lib/gcc/arm-none-eabi/5.4.1/../../../../arm-none-eabi/lib/armv6-m\libc_nano.a
END GROUP
LOAD c:/program files (x86)/cypress/psoc creator/4.4/psoc creator/import/gnu/arm/5.4.1/bin/../lib/gcc/arm-none-eabi/5.4.1/armv6-m/crtend.o
LOAD c:/program files (x86)/cypress/psoc creator/4.4/psoc creator/import/gnu/arm/5.4.1/bin/../lib/gcc/arm-none-eabi/5.4.1/armv6-m/crtn.o
START GROUP
LOAD c:/program files (x86)/cypress/psoc creator/4.4/psoc creator/import/gnu/arm/5.4.1/bin/../lib/gcc/arm-none-eabi/5.4.1/armv6-m\libgcc.a
LOAD c:/program files (x86)/cypress/psoc creator/4.4/psoc creator/import/gnu/arm/5.4.1/bin/../lib/gcc/arm-none-eabi/5.4.1/../../../../arm-none-eabi/lib/armv6-m\libc.a
LOAD c:/program files (x86)/cypress/psoc creator/4.4/psoc creator/import/gnu/arm/5.4.1/bin/../lib/gcc/arm-none-eabi/5.4.1/../../../../arm-none-eabi/lib/armv6-m\libnosys.a
END GROUP
                0x00000000                CY_APPL_ORIGIN = 0x0
                0x00000080                CY_FLASH_ROW_SIZE = 0x80
                0x00000001                CY_APPL_NUM = 0x1
                0x00000001                CY_APPL_MAX = 0x1
                0x00000040                CY_METADATA_SIZE = 0x40
                0x00000000                CY_APPL_LOADABLE = 0x0
                0x00000000                CY_CHECKSUM_EXCLUDE_SIZE = ALIGN (0x0, CY_FLASH_ROW_SIZE)
                0x00000000                CY_APP_FOR_STACK_AND_COPIER = 0x0
                [!provide]                PROVIDE (__cy_heap_start, _end)
                0x00000001                PROVIDE (__cy_region_num, ((__cy_regions_end - __cy_regions) / 0x10))
                0x20004000                PROVIDE (__cy_stack, (ORIGIN (ram) + LENGTH (ram)))
                [!provide]                PROVIDE (__cy_heap_end, (__cy_stack - 0x400))

.cybootloader   0x00000000        0x0
 *(.cybootloader)
                0x00000000                appl1_start = CY_APPL_ORIGIN?CY_APPL_ORIGIN:ALIGN (CY_FLASH_ROW_SIZE)
                0x0000ff80                appl2_start = (appl1_start + ALIGN ((((LENGTH (rom) - appl1_start) - (0x2 * CY_FLASH_ROW_SIZE)) / 0x2), CY_FLASH_ROW_SIZE))
                0x00000000                appl_start = (CY_APPL_NUM == 0x1)?appl1_start:appl2_start
                0x00000001                cy_project_type_bootloader = (appl_start == 0x0)?0x1:0x0
                0x00000000                cy_project_type_app_for_stack_and_copier = (CY_APP_FOR_STACK_AND_COPIER == 0x1)?0x1:0x0

.text           0x00000000     0x26b2
 CREATE_OBJECT_SYMBOLS
                0x00000000                PROVIDE (__cy_interrupt_vector, RomVectors)
 *(.romvectors)
 .romvectors    0x00000000       0x10 .\CortexM0\ARM_GCC_541\Debug\Cm0Start.o
                0x00000000                RomVectors
                0x00000001                ASSERT ((. != __cy_interrupt_vector), No interrupt vector)
                0x00000001                ASSERT (CY_APPL_ORIGIN?(SIZEOF (.cybootloader) <= CY_APPL_ORIGIN):0x1, Wrong image location)
                0x00000010                PROVIDE (__cy_reset, Reset)
 *(.text.Reset)
 .text.Reset    0x00000010        0x8 .\CortexM0\ARM_GCC_541\Debug\Cm0Start.o
                0x00000010                Reset
                0x00000001                ASSERT ((. != __cy_reset), No reset code)
 *(.psocinit)
 .psocinit      0x00000018      0x254 .\CortexM0\ARM_GCC_541\Debug\cyfitter_cfg.o
                0x0000008c                cyfitter_cfg
                0x0000026c                . = MAX (., 0x100)
 *(.text .text.* .gnu.linkonce.t.*)
 .text          0x0000026c       0x60 c:/program files (x86)/cypress/psoc creator/4.4/psoc creator/import/gnu/arm/5.4.1/bin/../lib/gcc/arm-none-eabi/5.4.1/armv6-m/crtbegin.o
 .text.GPIO0IsrHandler
                0x000002cc       0x2c .\CortexM0\ARM_GCC_541\Debug\main.o
                0x000002cc                GPIO0IsrHandler
 .text.GPIO1IsrHandler
                0x000002f8       0x2c .\CortexM0\ARM_GCC_541\Debug\main.o
                0x000002f8                GPIO1IsrHandler
 .text.GPIO2IsrHandler
                0x00000324       0x2c .\CortexM0\ARM_GCC_541\Debug\main.o
                0x00000324                GPIO2IsrHandler
 .text.GPIO3IsrHandler
                0x00000350       0x2c .\CortexM0\ARM_GCC_541\Debug\main.o
                0x00000350                GPIO3IsrHandler
 .text.GPIO4IsrHandler
                0x0000037c       0x2c .\CortexM0\ARM_GCC_541\Debug\main.o
                0x0000037c                GPIO4IsrHandler
 .text.GPIO5IsrHandler
                0x000003a8       0x2c .\CortexM0\ARM_GCC_541\Debug\main.o
                0x000003a8                GPIO5IsrHandler
 .text.main     0x000003d4      0x628 .\CortexM0\ARM_GCC_541\Debug\main.o
                0x000003d4                main
 .text.SysTickISRCallback
                0x000009fc       0x18 .\CortexM0\ARM_GCC_541\Debug\main.o
                0x000009fc                SysTickISRCallback
 .text.CYMEMZERO
                0x00000a14       0x20 .\CortexM0\ARM_GCC_541\Debug\cyfitter_cfg.o
 .text.cfg_write_bytes32
                0x00000a34       0x84 .\CortexM0\ARM_GCC_541\Debug\cyfitter_cfg.o
 .text.AnalogSetDefault
                0x00000ab8       0x28 .\CortexM0\ARM_GCC_541\Debug\cyfitter_cfg.o
 .text.IntDefaultHandler
                0x00000ae0       0x14 .\CortexM0\ARM_GCC_541\Debug\Cm0Start.o
                0x00000ae0                IntDefaultHandler
 .text._sbrk    0x00000af4       0x50 .\CortexM0\ARM_GCC_541\Debug\Cm0Start.o
                0x00000af4                _sbrk
 .text.Start_c  0x00000b44       0x98 .\CortexM0\ARM_GCC_541\Debug\Cm0Start.o
                0x00000b44                Start_c
 .text.initialize_psoc
                0x00000bdc       0x70 .\CortexM0\ARM_GCC_541\Debug\Cm0Start.o
                0x00000bdc                initialize_psoc
 .text.UART_Init
                0x00000c4c       0x10 .\CortexM0\ARM_GCC_541\Debug\SysTick_Example02.a(UART.o)
                0x00000c4c                UART_Init
 .text.UART_Enable
                0x00000c5c       0x24 .\CortexM0\ARM_GCC_541\Debug\SysTick_Example02.a(UART.o)
                0x00000c5c                UART_Enable
 .text.UART_Start
                0x00000c80       0x24 .\CortexM0\ARM_GCC_541\Debug\SysTick_Example02.a(UART.o)
                0x00000c80                UART_Start
 .text.UART_ScbEnableIntr
                0x00000ca4        0xc .\CortexM0\ARM_GCC_541\Debug\SysTick_Example02.a(UART.o)
 .text.UART_ScbModePostEnable
                0x00000cb0       0x10 .\CortexM0\ARM_GCC_541\Debug\SysTick_Example02.a(UART.o)
 .text.UART_UartInit
                0x00000cc0       0xc4 .\CortexM0\ARM_GCC_541\Debug\SysTick_Example02.a(UART_UART.o)
                0x00000cc0                UART_UartInit
 .text.UART_UartPostEnable
                0x00000d84       0x30 .\CortexM0\ARM_GCC_541\Debug\SysTick_Example02.a(UART_UART.o)
                0x00000d84                UART_UartPostEnable
 .text.UART_UartGetChar
                0x00000db4       0x40 .\CortexM0\ARM_GCC_541\Debug\SysTick_Example02.a(UART_UART.o)
                0x00000db4                UART_UartGetChar
 .text.UART_UartPutString
                0x00000df4       0x38 .\CortexM0\ARM_GCC_541\Debug\SysTick_Example02.a(UART_UART.o)
                0x00000df4                UART_UartPutString
 .text.CySysClkImoEnableWcoLock
                0x00000e2c      0x144 .\CortexM0\ARM_GCC_541\Debug\SysTick_Example02.a(CyLib.o)
                0x00000e2c                CySysClkImoEnableWcoLock
 .text.CySysClkImoDisableWcoLock
                0x00000f70       0x20 .\CortexM0\ARM_GCC_541\Debug\SysTick_Example02.a(CyLib.o)
                0x00000f70                CySysClkImoDisableWcoLock
 .text.CySysClkImoGetWcoLock
                0x00000f90       0x20 .\CortexM0\ARM_GCC_541\Debug\SysTick_Example02.a(CyLib.o)
                0x00000f90                CySysClkImoGetWcoLock
 .text.CySysClkWriteImoFreq
                0x00000fb0       0xb8 .\CortexM0\ARM_GCC_541\Debug\SysTick_Example02.a(CyLib.o)
                0x00000fb0                CySysClkWriteImoFreq
 .text.CyIntSetSysVector
                0x00001068       0x48 .\CortexM0\ARM_GCC_541\Debug\SysTick_Example02.a(CyLib.o)
                0x00001068                CyIntSetSysVector
 .text.CyHalt   0x000010b0       0x18 .\CortexM0\ARM_GCC_541\Debug\SysTick_Example02.a(CyLib.o)
                0x000010b0                CyHalt
 .text.CyDelay  0x000010c8       0x4c .\CortexM0\ARM_GCC_541\Debug\SysTick_Example02.a(CyLib.o)
                0x000010c8                CyDelay
 .text.CySysTickInit
                0x00001114       0x60 .\CortexM0\ARM_GCC_541\Debug\SysTick_Example02.a(CyLib.o)
                0x00001114                CySysTickInit
 .text.CySysTickEnable
                0x00001174       0x20 .\CortexM0\ARM_GCC_541\Debug\SysTick_Example02.a(CyLib.o)
                0x00001174                CySysTickEnable
 .text.CySysTickStop
                0x00001194       0x1c .\CortexM0\ARM_GCC_541\Debug\SysTick_Example02.a(CyLib.o)
                0x00001194                CySysTickStop
 .text.CySysTickEnableInterrupt
                0x000011b0       0x1c .\CortexM0\ARM_GCC_541\Debug\SysTick_Example02.a(CyLib.o)
                0x000011b0                CySysTickEnableInterrupt
 .text.CySysTickSetReload
                0x000011cc       0x20 .\CortexM0\ARM_GCC_541\Debug\SysTick_Example02.a(CyLib.o)
                0x000011cc                CySysTickSetReload
 .text.CySysTickSetClockSource
                0x000011ec       0x34 .\CortexM0\ARM_GCC_541\Debug\SysTick_Example02.a(CyLib.o)
                0x000011ec                CySysTickSetClockSource
 .text.CySysTickGetCountFlag
                0x00001220       0x18 .\CortexM0\ARM_GCC_541\Debug\SysTick_Example02.a(CyLib.o)
                0x00001220                CySysTickGetCountFlag
 .text.CySysTickClear
                0x00001238       0x14 .\CortexM0\ARM_GCC_541\Debug\SysTick_Example02.a(CyLib.o)
                0x00001238                CySysTickClear
 .text.CySysTickSetCallback
                0x0000124c       0x2c .\CortexM0\ARM_GCC_541\Debug\SysTick_Example02.a(CyLib.o)
                0x0000124c                CySysTickSetCallback
 .text.CySysTickGetCallback
                0x00001278       0x1c .\CortexM0\ARM_GCC_541\Debug\SysTick_Example02.a(CyLib.o)
                0x00001278                CySysTickGetCallback
 .text.CySysTickServiceCallbacks
                0x00001294       0x44 .\CortexM0\ARM_GCC_541\Debug\SysTick_Example02.a(CyLib.o)
 .text.CySysClkWcoEnabled
                0x000012d8       0x1c .\CortexM0\ARM_GCC_541\Debug\SysTick_Example02.a(CyLFClk.o)
                0x000012d8                CySysClkWcoEnabled
 .text.SW0_ClearInterrupt
                0x000012f4       0x2c .\CortexM0\ARM_GCC_541\Debug\SysTick_Example02.a(SW0.o)
                0x000012f4                SW0_ClearInterrupt
 .text.LED_Write
                0x00001320       0x50 .\CortexM0\ARM_GCC_541\Debug\SysTick_Example02.a(LED.o)
                0x00001320                LED_Write
 .text.SW2_ClearInterrupt
                0x00001370       0x2c .\CortexM0\ARM_GCC_541\Debug\SysTick_Example02.a(SW2.o)
                0x00001370                SW2_ClearInterrupt
 .text.isr_GPIO_2_StartEx
                0x0000139c       0x28 .\CortexM0\ARM_GCC_541\Debug\SysTick_Example02.a(isr_GPIO_2.o)
                0x0000139c                isr_GPIO_2_StartEx
 .text.isr_GPIO_2_SetVector
                0x000013c4       0x1c .\CortexM0\ARM_GCC_541\Debug\SysTick_Example02.a(isr_GPIO_2.o)
                0x000013c4                isr_GPIO_2_SetVector
 .text.isr_GPIO_2_SetPriority
                0x000013e0       0x50 .\CortexM0\ARM_GCC_541\Debug\SysTick_Example02.a(isr_GPIO_2.o)
                0x000013e0                isr_GPIO_2_SetPriority
 .text.isr_GPIO_2_Enable
                0x00001430       0x14 .\CortexM0\ARM_GCC_541\Debug\SysTick_Example02.a(isr_GPIO_2.o)
                0x00001430                isr_GPIO_2_Enable
 .text.isr_GPIO_2_Disable
                0x00001444       0x14 .\CortexM0\ARM_GCC_541\Debug\SysTick_Example02.a(isr_GPIO_2.o)
                0x00001444                isr_GPIO_2_Disable
 .text.isr_GPIO_2_ClearPending
                0x00001458       0x14 .\CortexM0\ARM_GCC_541\Debug\SysTick_Example02.a(isr_GPIO_2.o)
                0x00001458                isr_GPIO_2_ClearPending
 .text.isr_GPIO_1_StartEx
                0x0000146c       0x28 .\CortexM0\ARM_GCC_541\Debug\SysTick_Example02.a(isr_GPIO_1.o)
                0x0000146c                isr_GPIO_1_StartEx
 .text.isr_GPIO_1_SetVector
                0x00001494       0x1c .\CortexM0\ARM_GCC_541\Debug\SysTick_Example02.a(isr_GPIO_1.o)
                0x00001494                isr_GPIO_1_SetVector
 .text.isr_GPIO_1_SetPriority
                0x000014b0       0x50 .\CortexM0\ARM_GCC_541\Debug\SysTick_Example02.a(isr_GPIO_1.o)
                0x000014b0                isr_GPIO_1_SetPriority
 .text.isr_GPIO_1_Enable
                0x00001500       0x14 .\CortexM0\ARM_GCC_541\Debug\SysTick_Example02.a(isr_GPIO_1.o)
                0x00001500                isr_GPIO_1_Enable
 .text.isr_GPIO_1_Disable
                0x00001514       0x14 .\CortexM0\ARM_GCC_541\Debug\SysTick_Example02.a(isr_GPIO_1.o)
                0x00001514                isr_GPIO_1_Disable
 .text.isr_GPIO_1_ClearPending
                0x00001528       0x14 .\CortexM0\ARM_GCC_541\Debug\SysTick_Example02.a(isr_GPIO_1.o)
                0x00001528                isr_GPIO_1_ClearPending
 .text.SW1_ClearInterrupt
                0x0000153c       0x2c .\CortexM0\ARM_GCC_541\Debug\SysTick_Example02.a(SW1.o)
                0x0000153c                SW1_ClearInterrupt
 .text.isr_GPIO_0_StartEx
                0x00001568       0x28 .\CortexM0\ARM_GCC_541\Debug\SysTick_Example02.a(isr_GPIO_0.o)
                0x00001568                isr_GPIO_0_StartEx
 .text.isr_GPIO_0_SetVector
                0x00001590       0x1c .\CortexM0\ARM_GCC_541\Debug\SysTick_Example02.a(isr_GPIO_0.o)
                0x00001590                isr_GPIO_0_SetVector
 .text.isr_GPIO_0_SetPriority
                0x000015ac       0x50 .\CortexM0\ARM_GCC_541\Debug\SysTick_Example02.a(isr_GPIO_0.o)
                0x000015ac                isr_GPIO_0_SetPriority
 .text.isr_GPIO_0_Enable
                0x000015fc       0x14 .\CortexM0\ARM_GCC_541\Debug\SysTick_Example02.a(isr_GPIO_0.o)
                0x000015fc                isr_GPIO_0_Enable
 .text.isr_GPIO_0_Disable
                0x00001610       0x14 .\CortexM0\ARM_GCC_541\Debug\SysTick_Example02.a(isr_GPIO_0.o)
                0x00001610                isr_GPIO_0_Disable
 .text.isr_GPIO_0_ClearPending
                0x00001624       0x14 .\CortexM0\ARM_GCC_541\Debug\SysTick_Example02.a(isr_GPIO_0.o)
                0x00001624                isr_GPIO_0_ClearPending
 .text.isr_GPIO_3_StartEx
                0x00001638       0x28 .\CortexM0\ARM_GCC_541\Debug\SysTick_Example02.a(isr_GPIO_3.o)
                0x00001638                isr_GPIO_3_StartEx
 .text.isr_GPIO_3_SetVector
                0x00001660       0x1c .\CortexM0\ARM_GCC_541\Debug\SysTick_Example02.a(isr_GPIO_3.o)
                0x00001660                isr_GPIO_3_SetVector
 .text.isr_GPIO_3_SetPriority
                0x0000167c       0x4c .\CortexM0\ARM_GCC_541\Debug\SysTick_Example02.a(isr_GPIO_3.o)
                0x0000167c                isr_GPIO_3_SetPriority
 .text.isr_GPIO_3_Enable
                0x000016c8       0x14 .\CortexM0\ARM_GCC_541\Debug\SysTick_Example02.a(isr_GPIO_3.o)
                0x000016c8                isr_GPIO_3_Enable
 .text.isr_GPIO_3_Disable
                0x000016dc       0x14 .\CortexM0\ARM_GCC_541\Debug\SysTick_Example02.a(isr_GPIO_3.o)
                0x000016dc                isr_GPIO_3_Disable
 .text.isr_GPIO_3_ClearPending
                0x000016f0       0x14 .\CortexM0\ARM_GCC_541\Debug\SysTick_Example02.a(isr_GPIO_3.o)
                0x000016f0                isr_GPIO_3_ClearPending
 .text.SW3_ClearInterrupt
                0x00001704       0x2c .\CortexM0\ARM_GCC_541\Debug\SysTick_Example02.a(SW3.o)
                0x00001704                SW3_ClearInterrupt
 .text.LED_GPIO0_Write
                0x00001730       0x50 .\CortexM0\ARM_GCC_541\Debug\SysTick_Example02.a(LED_GPIO0.o)
                0x00001730                LED_GPIO0_Write
 .text.LED_GPIO0_Read
                0x00001780       0x1c .\CortexM0\ARM_GCC_541\Debug\SysTick_Example02.a(LED_GPIO0.o)
                0x00001780                LED_GPIO0_Read
 .text.LED_GPIO1_Write
                0x0000179c       0x50 .\CortexM0\ARM_GCC_541\Debug\SysTick_Example02.a(LED_GPIO1.o)
                0x0000179c                LED_GPIO1_Write
 .text.LED_GPIO1_Read
                0x000017ec       0x1c .\CortexM0\ARM_GCC_541\Debug\SysTick_Example02.a(LED_GPIO1.o)
                0x000017ec                LED_GPIO1_Read
 .text.LED_GPIO2_Write
                0x00001808       0x50 .\CortexM0\ARM_GCC_541\Debug\SysTick_Example02.a(LED_GPIO2.o)
                0x00001808                LED_GPIO2_Write
 .text.LED_GPIO2_Read
                0x00001858       0x1c .\CortexM0\ARM_GCC_541\Debug\SysTick_Example02.a(LED_GPIO2.o)
                0x00001858                LED_GPIO2_Read
 .text.LED_GPIO3_Write
                0x00001874       0x50 .\CortexM0\ARM_GCC_541\Debug\SysTick_Example02.a(LED_GPIO3.o)
                0x00001874                LED_GPIO3_Write
 .text.LED_GPIO3_Read
                0x000018c4       0x1c .\CortexM0\ARM_GCC_541\Debug\SysTick_Example02.a(LED_GPIO3.o)
                0x000018c4                LED_GPIO3_Read
 .text.isr_GPIO_4_StartEx
                0x000018e0       0x28 .\CortexM0\ARM_GCC_541\Debug\SysTick_Example02.a(isr_GPIO_4.o)
                0x000018e0                isr_GPIO_4_StartEx
 .text.isr_GPIO_4_SetVector
                0x00001908       0x1c .\CortexM0\ARM_GCC_541\Debug\SysTick_Example02.a(isr_GPIO_4.o)
                0x00001908                isr_GPIO_4_SetVector
 .text.isr_GPIO_4_SetPriority
                0x00001924       0x50 .\CortexM0\ARM_GCC_541\Debug\SysTick_Example02.a(isr_GPIO_4.o)
                0x00001924                isr_GPIO_4_SetPriority
 .text.isr_GPIO_4_Enable
                0x00001974       0x14 .\CortexM0\ARM_GCC_541\Debug\SysTick_Example02.a(isr_GPIO_4.o)
                0x00001974                isr_GPIO_4_Enable
 .text.isr_GPIO_4_Disable
                0x00001988       0x14 .\CortexM0\ARM_GCC_541\Debug\SysTick_Example02.a(isr_GPIO_4.o)
                0x00001988                isr_GPIO_4_Disable
 .text.isr_GPIO_4_ClearPending
                0x0000199c       0x14 .\CortexM0\ARM_GCC_541\Debug\SysTick_Example02.a(isr_GPIO_4.o)
                0x0000199c                isr_GPIO_4_ClearPending
 .text.SW4_ClearInterrupt
                0x000019b0       0x2c .\CortexM0\ARM_GCC_541\Debug\SysTick_Example02.a(SW4.o)
                0x000019b0                SW4_ClearInterrupt
 .text.isr_GPIO_5_StartEx
                0x000019dc       0x28 .\CortexM0\ARM_GCC_541\Debug\SysTick_Example02.a(isr_GPIO_5.o)
                0x000019dc                isr_GPIO_5_StartEx
 .text.isr_GPIO_5_SetVector
                0x00001a04       0x1c .\CortexM0\ARM_GCC_541\Debug\SysTick_Example02.a(isr_GPIO_5.o)
                0x00001a04                isr_GPIO_5_SetVector
 .text.isr_GPIO_5_SetPriority
                0x00001a20       0x50 .\CortexM0\ARM_GCC_541\Debug\SysTick_Example02.a(isr_GPIO_5.o)
                0x00001a20                isr_GPIO_5_SetPriority
 .text.isr_GPIO_5_Enable
                0x00001a70       0x14 .\CortexM0\ARM_GCC_541\Debug\SysTick_Example02.a(isr_GPIO_5.o)
                0x00001a70                isr_GPIO_5_Enable
 .text.isr_GPIO_5_Disable
                0x00001a84       0x14 .\CortexM0\ARM_GCC_541\Debug\SysTick_Example02.a(isr_GPIO_5.o)
                0x00001a84                isr_GPIO_5_Disable
 .text.isr_GPIO_5_ClearPending
                0x00001a98       0x14 .\CortexM0\ARM_GCC_541\Debug\SysTick_Example02.a(isr_GPIO_5.o)
                0x00001a98                isr_GPIO_5_ClearPending
 .text.SW5_ClearInterrupt
                0x00001aac       0x2c .\CortexM0\ARM_GCC_541\Debug\SysTick_Example02.a(SW5.o)
                0x00001aac                SW5_ClearInterrupt
 .text.LED_GPIO4_Write
                0x00001ad8       0x50 .\CortexM0\ARM_GCC_541\Debug\SysTick_Example02.a(LED_GPIO4.o)
                0x00001ad8                LED_GPIO4_Write
 .text.LED_GPIO4_Read
                0x00001b28       0x1c .\CortexM0\ARM_GCC_541\Debug\SysTick_Example02.a(LED_GPIO4.o)
                0x00001b28                LED_GPIO4_Read
 .text.LED_GPIO5_Write
                0x00001b44       0x50 .\CortexM0\ARM_GCC_541\Debug\SysTick_Example02.a(LED_GPIO5.o)
                0x00001b44                LED_GPIO5_Write
 .text.LED_GPIO5_Read
                0x00001b94       0x1c .\CortexM0\ARM_GCC_541\Debug\SysTick_Example02.a(LED_GPIO5.o)
                0x00001b94                LED_GPIO5_Read
 .text          0x00001bb0       0x20 .\CortexM0\ARM_GCC_541\Debug\SysTick_Example02.a(CyBootAsmGnu.o)
                0x00001bb0                CyDelayCycles
                0x00001bc2                CyEnterCriticalSection
                0x00001bca                CyExitCriticalSection
 .text.UART_SpiUartReadRxData
                0x00001bd0       0x20 .\CortexM0\ARM_GCC_541\Debug\SysTick_Example02.a(UART_SPI_UART.o)
                0x00001bd0                UART_SpiUartReadRxData
 .text.UART_SpiUartGetRxBufferSize
                0x00001bf0       0x20 .\CortexM0\ARM_GCC_541\Debug\SysTick_Example02.a(UART_SPI_UART.o)
                0x00001bf0                UART_SpiUartGetRxBufferSize
 .text.UART_SpiUartWriteTxData
                0x00001c10       0x2c .\CortexM0\ARM_GCC_541\Debug\SysTick_Example02.a(UART_SPI_UART.o)
                0x00001c10                UART_SpiUartWriteTxData
 .text.CySysFlashSetWaitCycles
                0x00001c3c       0x78 .\CortexM0\ARM_GCC_541\Debug\SysTick_Example02.a(CyFlash.o)
                0x00001c3c                CySysFlashSetWaitCycles
 .text          0x00001cb4      0x114 c:/program files (x86)/cypress/psoc creator/4.4/psoc creator/import/gnu/arm/5.4.1/bin/../lib/gcc/arm-none-eabi/5.4.1/armv6-m\libgcc.a(_udivsi3.o)
                0x00001cb4                __aeabi_uidiv
                0x00001cb4                __udivsi3
                0x00001dc0                __aeabi_uidivmod
 .text          0x00001dc8        0x4 c:/program files (x86)/cypress/psoc creator/4.4/psoc creator/import/gnu/arm/5.4.1/bin/../lib/gcc/arm-none-eabi/5.4.1/armv6-m\libgcc.a(_dvmd_tls.o)
                0x00001dc8                __aeabi_idiv0
                0x00001dc8                __aeabi_ldiv0
 .text.__errno  0x00001dcc        0xc c:/program files (x86)/cypress/psoc creator/4.4/psoc creator/import/gnu/arm/5.4.1/bin/../lib/gcc/arm-none-eabi/5.4.1/../../../../arm-none-eabi/lib/armv6-m\libg_nano.a(lib_a-errno.o)
                0x00001dcc                __errno
 .text.__libc_init_array
                0x00001dd8       0x4c c:/program files (x86)/cypress/psoc creator/4.4/psoc creator/import/gnu/arm/5.4.1/bin/../lib/gcc/arm-none-eabi/5.4.1/../../../../arm-none-eabi/lib/armv6-m\libg_nano.a(lib_a-init.o)
                0x00001dd8                __libc_init_array
 .text.memcpy   0x00001e24       0x12 c:/program files (x86)/cypress/psoc creator/4.4/psoc creator/import/gnu/arm/5.4.1/bin/../lib/gcc/arm-none-eabi/5.4.1/../../../../arm-none-eabi/lib/armv6-m\libg_nano.a(lib_a-memcpy-stub.o)
                0x00001e24                memcpy
 .text.memset   0x00001e36       0x10 c:/program files (x86)/cypress/psoc creator/4.4/psoc creator/import/gnu/arm/5.4.1/bin/../lib/gcc/arm-none-eabi/5.4.1/../../../../arm-none-eabi/lib/armv6-m\libg_nano.a(lib_a-memset.o)
                0x00001e36                memset
 *fill*         0x00001e46        0x2 
 .text.sprintf  0x00001e48       0x44 c:/program files (x86)/cypress/psoc creator/4.4/psoc creator/import/gnu/arm/5.4.1/bin/../lib/gcc/arm-none-eabi/5.4.1/../../../../arm-none-eabi/lib/armv6-m\libg_nano.a(lib_a-sprintf.o)
                0x00001e48                siprintf
                0x00001e48                sprintf
 .text          0x00001e8c       0x14 c:/program files (x86)/cypress/psoc creator/4.4/psoc creator/import/gnu/arm/5.4.1/bin/../lib/gcc/arm-none-eabi/5.4.1/../../../../arm-none-eabi/lib/armv6-m\libg_nano.a(lib_a-strcmp.o)
                0x00001e8c                strcmp
 .text.strcpy   0x00001ea0       0x10 c:/program files (x86)/cypress/psoc creator/4.4/psoc creator/import/gnu/arm/5.4.1/bin/../lib/gcc/arm-none-eabi/5.4.1/../../../../arm-none-eabi/lib/armv6-m\libg_nano.a(lib_a-strcpy.o)
                0x00001ea0                strcpy
 .text.__ssputs_r
                0x00001eb0       0xc4 c:/program files (x86)/cypress/psoc creator/4.4/psoc creator/import/gnu/arm/5.4.1/bin/../lib/gcc/arm-none-eabi/5.4.1/../../../../arm-none-eabi/lib/armv6-m\libg_nano.a(lib_a-nano-svfprintf.o)
                0x00001eb0                __ssputs_r
 .text._svfprintf_r
                0x00001f74      0x1fc c:/program files (x86)/cypress/psoc creator/4.4/psoc creator/import/gnu/arm/5.4.1/bin/../lib/gcc/arm-none-eabi/5.4.1/../../../../arm-none-eabi/lib/armv6-m\libg_nano.a(lib_a-nano-svfprintf.o)
                0x00001f74                _svfiprintf_r
                0x00001f74                _svfprintf_r
 .text._printf_common
                0x00002170       0xdc c:/program files (x86)/cypress/psoc creator/4.4/psoc creator/import/gnu/arm/5.4.1/bin/../lib/gcc/arm-none-eabi/5.4.1/../../../../arm-none-eabi/lib/armv6-m\libg_nano.a(lib_a-nano-vfprintf_i.o)
                0x00002170                _printf_common
 .text._printf_i
                0x0000224c      0x244 c:/program files (x86)/cypress/psoc creator/4.4/psoc creator/import/gnu/arm/5.4.1/bin/../lib/gcc/arm-none-eabi/5.4.1/../../../../arm-none-eabi/lib/armv6-m\libg_nano.a(lib_a-nano-vfprintf_i.o)
                0x0000224c                _printf_i
 .text.memchr   0x00002490       0x16 c:/program files (x86)/cypress/psoc creator/4.4/psoc creator/import/gnu/arm/5.4.1/bin/../lib/gcc/arm-none-eabi/5.4.1/../../../../arm-none-eabi/lib/armv6-m\libg_nano.a(lib_a-memchr-stub.o)
                0x00002490                memchr
 .text.memmove  0x000024a6       0x2a c:/program files (x86)/cypress/psoc creator/4.4/psoc creator/import/gnu/arm/5.4.1/bin/../lib/gcc/arm-none-eabi/5.4.1/../../../../arm-none-eabi/lib/armv6-m\libg_nano.a(lib_a-memmove.o)
                0x000024a6                memmove
 .text._free_r  0x000024d0       0x98 c:/program files (x86)/cypress/psoc creator/4.4/psoc creator/import/gnu/arm/5.4.1/bin/../lib/gcc/arm-none-eabi/5.4.1/../../../../arm-none-eabi/lib/armv6-m\libg_nano.a(lib_a-nano-freer.o)
                0x000024d0                _free_r
 .text._malloc_r
                0x00002568       0xc0 c:/program files (x86)/cypress/psoc creator/4.4/psoc creator/import/gnu/arm/5.4.1/bin/../lib/gcc/arm-none-eabi/5.4.1/../../../../arm-none-eabi/lib/armv6-m\libg_nano.a(lib_a-nano-mallocr.o)
                0x00002568                _malloc_r
 .text._realloc_r
                0x00002628       0x4c c:/program files (x86)/cypress/psoc creator/4.4/psoc creator/import/gnu/arm/5.4.1/bin/../lib/gcc/arm-none-eabi/5.4.1/../../../../arm-none-eabi/lib/armv6-m\libg_nano.a(lib_a-nano-reallocr.o)
                0x00002628                _realloc_r
 .text._sbrk_r  0x00002674       0x24 c:/program files (x86)/cypress/psoc creator/4.4/psoc creator/import/gnu/arm/5.4.1/bin/../lib/gcc/arm-none-eabi/5.4.1/../../../../arm-none-eabi/lib/armv6-m\libg_nano.a(lib_a-sbrkr.o)
                0x00002674                _sbrk_r
 .text.__malloc_lock
                0x00002698        0x2 c:/program files (x86)/cypress/psoc creator/4.4/psoc creator/import/gnu/arm/5.4.1/bin/../lib/gcc/arm-none-eabi/5.4.1/../../../../arm-none-eabi/lib/armv6-m\libg_nano.a(lib_a-mlock.o)
                0x00002698                __malloc_lock
 .text.__malloc_unlock
                0x0000269a        0x2 c:/program files (x86)/cypress/psoc creator/4.4/psoc creator/import/gnu/arm/5.4.1/bin/../lib/gcc/arm-none-eabi/5.4.1/../../../../arm-none-eabi/lib/armv6-m\libg_nano.a(lib_a-mlock.o)
                0x0000269a                __malloc_unlock
 .text._malloc_usable_size_r
                0x0000269c       0x16 c:/program files (x86)/cypress/psoc creator/4.4/psoc creator/import/gnu/arm/5.4.1/bin/../lib/gcc/arm-none-eabi/5.4.1/../../../../arm-none-eabi/lib/armv6-m\libg_nano.a(lib_a-nano-msizer.o)
                0x0000269c                _malloc_usable_size_r
 *(.plt)
 *(.gnu.warning)
 *(.glue_7t)
 .glue_7t       0x000026b2        0x0 linker stubs
 *(.glue_7)
 .glue_7        0x000026b2        0x0 linker stubs
 *(.vfp11_veneer)
 .vfp11_veneer  0x000026b2        0x0 linker stubs
 *(.bootloader)
 *(.ARM.extab* .gnu.linkonce.armextab.*)
 *(.gcc_except_table)

.v4_bx          0x000026b4        0x0
 .v4_bx         0x000026b4        0x0 linker stubs

.iplt           0x000026b4        0x0
 .iplt          0x000026b4        0x0 c:/program files (x86)/cypress/psoc creator/4.4/psoc creator/import/gnu/arm/5.4.1/bin/../lib/gcc/arm-none-eabi/5.4.1/armv6-m/crtbegin.o

.eh_frame_hdr
 *(.eh_frame_hdr)

.eh_frame       0x000026b4        0x4
 *(.eh_frame)
 .eh_frame      0x000026b4        0x0 c:/program files (x86)/cypress/psoc creator/4.4/psoc creator/import/gnu/arm/5.4.1/bin/../lib/gcc/arm-none-eabi/5.4.1/armv6-m/crtbegin.o
 .eh_frame      0x000026b4        0x4 c:/program files (x86)/cypress/psoc creator/4.4/psoc creator/import/gnu/arm/5.4.1/bin/../lib/gcc/arm-none-eabi/5.4.1/armv6-m/crtend.o
                [!provide]                PROVIDE (__exidx_start, .)

.ARM.exidx
 *(.ARM.exidx* .gnu.linkonce.armexidx.*)
                0x000026b8                __exidx_end = .

.rodata         0x000026b8      0x138
 *(.rodata .rodata.* .gnu.linkonce.r.*)
 .rodata        0x000026b8       0x58 .\CortexM0\ARM_GCC_541\Debug\main.o
 .rodata        0x00002710       0x2c .\CortexM0\ARM_GCC_541\Debug\cyfitter_cfg.o
 .rodata        0x0000273c       0x47 .\CortexM0\ARM_GCC_541\Debug\SysTick_Example02.a(CyLib.o)
                0x0000273c                cyImoFreqMhz2Reg
                0x0000276c                cyImoFreqMhz2DpllOffset
 .rodata.str1.1
                0x00002783        0x2 c:/program files (x86)/cypress/psoc creator/4.4/psoc creator/import/gnu/arm/5.4.1/bin/../lib/gcc/arm-none-eabi/5.4.1/../../../../arm-none-eabi/lib/armv6-m\libg_nano.a(lib_a-impure.o)
 .rodata.str1.1
                0x00002785       0x11 c:/program files (x86)/cypress/psoc creator/4.4/psoc creator/import/gnu/arm/5.4.1/bin/../lib/gcc/arm-none-eabi/5.4.1/../../../../arm-none-eabi/lib/armv6-m\libg_nano.a(lib_a-nano-svfprintf.o)
 .rodata.str1.1
                0x00002796       0x22 c:/program files (x86)/cypress/psoc creator/4.4/psoc creator/import/gnu/arm/5.4.1/bin/../lib/gcc/arm-none-eabi/5.4.1/../../../../arm-none-eabi/lib/armv6-m\libg_nano.a(lib_a-nano-vfprintf_i.o)
                0x000027b8                . = ALIGN (0x4)
 *(.init)
 .init          0x000027b8        0x4 c:/program files (x86)/cypress/psoc creator/4.4/psoc creator/import/gnu/arm/5.4.1/bin/../lib/gcc/arm-none-eabi/5.4.1/armv6-m/crti.o
                0x000027b8                _init
 .init          0x000027bc        0x8 c:/program files (x86)/cypress/psoc creator/4.4/psoc creator/import/gnu/arm/5.4.1/bin/../lib/gcc/arm-none-eabi/5.4.1/armv6-m/crtn.o
                0x000027c4                . = ALIGN (0x4)
                0x000027c4                __preinit_array_start = .
 *(.preinit_array)
                0x000027c4                __preinit_array_end = .
                0x000027c4                . = ALIGN (0x4)
                0x000027c4                __init_array_start = .
 *(SORT(.init_array.*))
 *(.init_array)
 .init_array    0x000027c4        0x4 c:/program files (x86)/cypress/psoc creator/4.4/psoc creator/import/gnu/arm/5.4.1/bin/../lib/gcc/arm-none-eabi/5.4.1/armv6-m/crtbegin.o
 .init_array    0x000027c8        0x4 .\CortexM0\ARM_GCC_541\Debug\Cm0Start.o
                0x000027cc                __init_array_end = .
                0x000027cc                . = ALIGN (0x4)
 *(.fini)
 .fini          0x000027cc        0x4 c:/program files (x86)/cypress/psoc creator/4.4/psoc creator/import/gnu/arm/5.4.1/bin/../lib/gcc/arm-none-eabi/5.4.1/armv6-m/crti.o
                0x000027cc                _fini
 .fini          0x000027d0        0x8 c:/program files (x86)/cypress/psoc creator/4.4/psoc creator/import/gnu/arm/5.4.1/bin/../lib/gcc/arm-none-eabi/5.4.1/armv6-m/crtn.o
                0x000027d8                . = ALIGN (0x4)
                0x000027d8                __fini_array_start = .
 *(.fini_array)
 .fini_array    0x000027d8        0x4 c:/program files (x86)/cypress/psoc creator/4.4/psoc creator/import/gnu/arm/5.4.1/bin/../lib/gcc/arm-none-eabi/5.4.1/armv6-m/crtbegin.o
 *(SORT(.fini_array.*))
                0x000027dc                __fini_array_end = .
                0x000027dc                . = ALIGN (0x4)
 *crtbegin.o(.ctors)
 *(EXCLUDE_FILE(*crtend.o) .ctors)
 *(SORT(.ctors.*))
 *crtend.o(.ctors)
                0x000027dc                . = ALIGN (0x4)
 *crtbegin.o(.dtors)
 *(EXCLUDE_FILE(*crtend.o) .dtors)
 *(SORT(.dtors.*))
 *crtend.o(.dtors)
                0x000027dc                . = ALIGN (0x4)
                0x000027dc                __cy_regions = .
                0x000027dc        0x4 LONG 0x27f0 __cy_region_init_ram
                0x000027e0        0x4 LONG 0x200000c8 __cy_region_start_data
                0x000027e4        0x4 LONG 0x80 __cy_region_init_size_ram
                0x000027e8        0x4 LONG 0x68 __cy_region_zero_size_ram
                0x000027ec                __cy_regions_end = .
                0x000027f0                . = ALIGN (0x8)
 *fill*         0x000027ec        0x4 
                0x000027f0                _etext = .

.cy_checksum_exclude
                0x000027f0        0x0
 *(.cy_checksum_exclude)

.ramvectors     0x20000000       0xc0
                0x20000000                __cy_region_start_ram = .
 *(.ramvectors)
 .ramvectors    0x20000000       0xc0 .\CortexM0\ARM_GCC_541\Debug\Cm0Start.o
                0x20000000                CyRamVectors

.noinit         0x200000c0        0x4
 *(.noinit)
 .noinit        0x200000c0        0x4 .\CortexM0\ARM_GCC_541\Debug\Cm0Start.o

.data           0x200000c8       0x80 load address 0x000027f0
                0x200000c8                __cy_region_start_data = .
 *(.jcr)
 .jcr           0x200000c8        0x0 c:/program files (x86)/cypress/psoc creator/4.4/psoc creator/import/gnu/arm/5.4.1/bin/../lib/gcc/arm-none-eabi/5.4.1/armv6-m/crtbegin.o
 .jcr           0x200000c8        0x4 c:/program files (x86)/cypress/psoc creator/4.4/psoc creator/import/gnu/arm/5.4.1/bin/../lib/gcc/arm-none-eabi/5.4.1/armv6-m/crtend.o
 *(.got.plt)
 *(.got)
 *(.shdata)
 *(.data .data.* .gnu.linkonce.d.*)
 .data          0x200000cc        0x4 .\CortexM0\ARM_GCC_541\Debug\Cm0Start.o
 .data          0x200000d0       0x14 .\CortexM0\ARM_GCC_541\Debug\SysTick_Example02.a(CyLib.o)
                0x200000d0                cydelayFreqHz
                0x200000d4                cydelayFreqKhz
                0x200000d8                cydelayFreqMhz
                0x200000dc                cydelay32kMs
                0x200000e0                CySysClkPumpConfig
 .data.impure_data
                0x200000e4       0x60 c:/program files (x86)/cypress/psoc creator/4.4/psoc creator/import/gnu/arm/5.4.1/bin/../lib/gcc/arm-none-eabi/5.4.1/../../../../arm-none-eabi/lib/armv6-m\libg_nano.a(lib_a-impure.o)
 .data._impure_ptr
                0x20000144        0x4 c:/program files (x86)/cypress/psoc creator/4.4/psoc creator/import/gnu/arm/5.4.1/bin/../lib/gcc/arm-none-eabi/5.4.1/../../../../arm-none-eabi/lib/armv6-m\libg_nano.a(lib_a-impure.o)
                0x20000144                _impure_ptr
                0x20000148                . = ALIGN (0x8)
 *(.ram)
                0x20000148                _edata = .

.igot.plt       0x20000148        0x0 load address 0x00002870
 .igot.plt      0x20000148        0x0 c:/program files (x86)/cypress/psoc creator/4.4/psoc creator/import/gnu/arm/5.4.1/bin/../lib/gcc/arm-none-eabi/5.4.1/armv6-m/crtbegin.o

.bss            0x20000148       0x68 load address 0x00002870
                0x20000148                PROVIDE (__bss_start__, .)
 *(.shbss)
 *(.bss .bss.* .gnu.linkonce.b.*)
 .bss           0x20000148       0x1c c:/program files (x86)/cypress/psoc creator/4.4/psoc creator/import/gnu/arm/5.4.1/bin/../lib/gcc/arm-none-eabi/5.4.1/armv6-m/crtbegin.o
 .bss           0x20000164       0x1e .\CortexM0\ARM_GCC_541\Debug\main.o
                0x20000164                intSW0
                0x20000168                intSW1
                0x2000016c                intSW2
                0x20000170                intSW3
                0x20000174                intSW4
                0x20000178                intSW5
                0x2000017c                boSW0
                0x2000017d                boSW1
                0x2000017e                boSW2
                0x2000017f                boSW3
                0x20000180                boSW4
                0x20000181                boSW5
 .bss           0x20000182        0x4 .\CortexM0\ARM_GCC_541\Debug\SysTick_Example02.a(UART.o)
                0x20000182                UART_initVar
                0x20000184                UART_IntrTxMask
 *fill*         0x20000186        0x2 
 .bss           0x20000188       0x18 .\CortexM0\ARM_GCC_541\Debug\SysTick_Example02.a(CyLib.o)
                0x2000019c                CySysTickInitVar
 .bss.__malloc_sbrk_start
                0x200001a0        0x4 c:/program files (x86)/cypress/psoc creator/4.4/psoc creator/import/gnu/arm/5.4.1/bin/../lib/gcc/arm-none-eabi/5.4.1/../../../../arm-none-eabi/lib/armv6-m\libg_nano.a(lib_a-nano-mallocr.o)
                0x200001a0                __malloc_sbrk_start
 .bss.__malloc_free_list
                0x200001a4        0x4 c:/program files (x86)/cypress/psoc creator/4.4/psoc creator/import/gnu/arm/5.4.1/bin/../lib/gcc/arm-none-eabi/5.4.1/../../../../arm-none-eabi/lib/armv6-m\libg_nano.a(lib_a-nano-mallocr.o)
                0x200001a4                __malloc_free_list
 *(COMMON)
 COMMON         0x200001a8        0x4 .\CortexM0\ARM_GCC_541\Debug\main.o
                0x200001a8                msCount
 COMMON         0x200001ac        0x4 c:/program files (x86)/cypress/psoc creator/4.4/psoc creator/import/gnu/arm/5.4.1/bin/../lib/gcc/arm-none-eabi/5.4.1/../../../../arm-none-eabi/lib/armv6-m\libg_nano.a(lib_a-reent.o)
                0x200001ac                errno
                0x200001b0                . = ALIGN (0x8)
 *(.ram.b)
                0x200001b0                _end = .
                0x200001b0                __end = .
                0x200001b0                PROVIDE (end, .)
                0x200001b0                PROVIDE (__bss_end__, .)
                0x000027f0                __cy_region_init_ram = LOADADDR (.data)
                0x00000080                __cy_region_init_size_ram = (_edata - ADDR (.data))
                0x00000068                __cy_region_zero_size_ram = (_end - _edata)

.heap           0x200001b0       0x80 load address 0x00002870
                0x200001b0                . = _end
                0x20000230                . = (. + 0x80)
 *fill*         0x200001b0       0x80 
                0x20000230                __cy_heap_limit = .

.stack          0x20003c00      0x400
                0x20003c00                __cy_stack_limit = .
                0x20004000                . = (. + 0x400)
 *fill*         0x20003c00      0x400 
                0x00000001                ASSERT ((__cy_stack_limit >= __cy_heap_limit), region RAM overflowed with stack)
                0x00000000                cy_checksum_exclude_size = (CY_APPL_LOADABLE == 0x1)?SIZEOF (.cy_checksum_exclude):0x0
                0x00000001                ASSERT ((cy_checksum_exclude_size <= CY_CHECKSUM_EXCLUDE_SIZE), CY_BOOT: Section .cy_checksum_exclude size exceedes specified limit.)
                0x0001ffc0                cyloadermeta_start = (cy_project_type_bootloader || cy_project_type_app_for_stack_and_copier)?(LENGTH (rom) - CY_METADATA_SIZE):0xf0000000

.cyloadermeta
 *(.cyloadermeta)
                0x0001ffc0                cyloadablemeta_start = cy_project_type_app_for_stack_and_copier?((LENGTH (rom) - CY_FLASH_ROW_SIZE) - CY_METADATA_SIZE):((LENGTH (rom) - (CY_FLASH_ROW_SIZE * (CY_APPL_NUM - 0x1))) - CY_METADATA_SIZE)

.cyloadablemeta
 *(.cyloadablemeta)

.cyflashprotect
                0x90400000       0x80
 *(.cyflashprotect)
 .cyflashprotect
                0x90400000       0x80 .\CortexM0\ARM_GCC_541\Debug\cymetadata.o
                0x90400000                cy_meta_flashprotect

.cymeta         0x90500000        0xc
 *(.cymeta)
 .cymeta        0x90500000        0xc .\CortexM0\ARM_GCC_541\Debug\cymetadata.o
                0x90500000                cy_metadata

.cychipprotect  0x90600000        0x1
 *(.cychipprotect)
 .cychipprotect
                0x90600000        0x1 .\CortexM0\ARM_GCC_541\Debug\cymetadata.o
                0x90600000                cy_meta_chipprotect

.rel.dyn        0x00002870        0x0 load address 0x90600004
 .rel.iplt      0x00002870        0x0 c:/program files (x86)/cypress/psoc creator/4.4/psoc creator/import/gnu/arm/5.4.1/bin/../lib/gcc/arm-none-eabi/5.4.1/armv6-m/crtbegin.o

.stab
 *(.stab)

.stabstr
 *(.stabstr)

.debug
 *(.debug)

.line
 *(.line)

.debug_srcinfo
 *(.debug_srcinfo)

.debug_sfnames
 *(.debug_sfnames)

.debug_aranges  0x00000000      0xcb8
 *(.debug_aranges)
 .debug_aranges
                0x00000000       0x58 .\CortexM0\ARM_GCC_541\Debug\main.o
 .debug_aranges
                0x00000058       0x50 .\CortexM0\ARM_GCC_541\Debug\cyfitter_cfg.o
 .debug_aranges
                0x000000a8       0x18 .\CortexM0\ARM_GCC_541\Debug\cymetadata.o
 .debug_aranges
                0x000000c0       0x48 .\CortexM0\ARM_GCC_541\Debug\Cm0Start.o
 .debug_aranges
                0x00000108       0x60 .\CortexM0\ARM_GCC_541\Debug\SysTick_Example02.a(UART.o)
 .debug_aranges
                0x00000168       0x90 .\CortexM0\ARM_GCC_541\Debug\SysTick_Example02.a(UART_UART.o)
 .debug_aranges
                0x000001f8      0x1c8 .\CortexM0\ARM_GCC_541\Debug\SysTick_Example02.a(CyLib.o)
 .debug_aranges
                0x000003c0      0x190 .\CortexM0\ARM_GCC_541\Debug\SysTick_Example02.a(CyLFClk.o)
 .debug_aranges
                0x00000550       0x48 .\CortexM0\ARM_GCC_541\Debug\SysTick_Example02.a(SW0.o)
 .debug_aranges
                0x00000598       0x48 .\CortexM0\ARM_GCC_541\Debug\SysTick_Example02.a(LED.o)
 .debug_aranges
                0x000005e0       0x48 .\CortexM0\ARM_GCC_541\Debug\SysTick_Example02.a(SW2.o)
 .debug_aranges
                0x00000628       0x80 .\CortexM0\ARM_GCC_541\Debug\SysTick_Example02.a(isr_GPIO_2.o)
 .debug_aranges
                0x000006a8       0x80 .\CortexM0\ARM_GCC_541\Debug\SysTick_Example02.a(isr_GPIO_1.o)
 .debug_aranges
                0x00000728       0x48 .\CortexM0\ARM_GCC_541\Debug\SysTick_Example02.a(SW1.o)
 .debug_aranges
                0x00000770       0x80 .\CortexM0\ARM_GCC_541\Debug\SysTick_Example02.a(isr_GPIO_0.o)
 .debug_aranges
                0x000007f0       0x80 .\CortexM0\ARM_GCC_541\Debug\SysTick_Example02.a(isr_GPIO_3.o)
 .debug_aranges
                0x00000870       0x48 .\CortexM0\ARM_GCC_541\Debug\SysTick_Example02.a(SW3.o)
 .debug_aranges
                0x000008b8       0x48 .\CortexM0\ARM_GCC_541\Debug\SysTick_Example02.a(LED_GPIO0.o)
 .debug_aranges
                0x00000900       0x48 .\CortexM0\ARM_GCC_541\Debug\SysTick_Example02.a(LED_GPIO1.o)
 .debug_aranges
                0x00000948       0x48 .\CortexM0\ARM_GCC_541\Debug\SysTick_Example02.a(LED_GPIO2.o)
 .debug_aranges
                0x00000990       0x48 .\CortexM0\ARM_GCC_541\Debug\SysTick_Example02.a(LED_GPIO3.o)
 .debug_aranges
                0x000009d8       0x80 .\CortexM0\ARM_GCC_541\Debug\SysTick_Example02.a(isr_GPIO_4.o)
 .debug_aranges
                0x00000a58       0x48 .\CortexM0\ARM_GCC_541\Debug\SysTick_Example02.a(SW4.o)
 .debug_aranges
                0x00000aa0       0x80 .\CortexM0\ARM_GCC_541\Debug\SysTick_Example02.a(isr_GPIO_5.o)
 .debug_aranges
                0x00000b20       0x48 .\CortexM0\ARM_GCC_541\Debug\SysTick_Example02.a(SW5.o)
 .debug_aranges
                0x00000b68       0x48 .\CortexM0\ARM_GCC_541\Debug\SysTick_Example02.a(LED_GPIO4.o)
 .debug_aranges
                0x00000bb0       0x48 .\CortexM0\ARM_GCC_541\Debug\SysTick_Example02.a(LED_GPIO5.o)
 .debug_aranges
                0x00000bf8       0x20 .\CortexM0\ARM_GCC_541\Debug\SysTick_Example02.a(CyBootAsmGnu.o)
 .debug_aranges
                0x00000c18       0x60 .\CortexM0\ARM_GCC_541\Debug\SysTick_Example02.a(UART_SPI_UART.o)
 .debug_aranges
                0x00000c78       0x40 .\CortexM0\ARM_GCC_541\Debug\SysTick_Example02.a(CyFlash.o)

.debug_pubnames
 *(.debug_pubnames)

.debug_info     0x00000000     0x4c37
 *(.debug_info .gnu.linkonce.wi.*)
 .debug_info    0x00000000      0x2d8 .\CortexM0\ARM_GCC_541\Debug\main.o
 .debug_info    0x000002d8      0x35e .\CortexM0\ARM_GCC_541\Debug\cyfitter_cfg.o
 .debug_info    0x00000636       0xf8 .\CortexM0\ARM_GCC_541\Debug\cymetadata.o
 .debug_info    0x0000072e      0x312 .\CortexM0\ARM_GCC_541\Debug\Cm0Start.o
 .debug_info    0x00000a40      0x1ca .\CortexM0\ARM_GCC_541\Debug\SysTick_Example02.a(UART.o)
 .debug_info    0x00000c0a      0x320 .\CortexM0\ARM_GCC_541\Debug\SysTick_Example02.a(UART_UART.o)
 .debug_info    0x00000f2a      0xad0 .\CortexM0\ARM_GCC_541\Debug\SysTick_Example02.a(CyLib.o)
 .debug_info    0x000019fa      0xaa1 .\CortexM0\ARM_GCC_541\Debug\SysTick_Example02.a(CyLFClk.o)
 .debug_info    0x0000249b      0x19a .\CortexM0\ARM_GCC_541\Debug\SysTick_Example02.a(SW0.o)
 .debug_info    0x00002635      0x19a .\CortexM0\ARM_GCC_541\Debug\SysTick_Example02.a(LED.o)
 .debug_info    0x000027cf      0x19a .\CortexM0\ARM_GCC_541\Debug\SysTick_Example02.a(SW2.o)
 .debug_info    0x00002969      0x24d .\CortexM0\ARM_GCC_541\Debug\SysTick_Example02.a(isr_GPIO_2.o)
 .debug_info    0x00002bb6      0x24d .\CortexM0\ARM_GCC_541\Debug\SysTick_Example02.a(isr_GPIO_1.o)
 .debug_info    0x00002e03      0x19a .\CortexM0\ARM_GCC_541\Debug\SysTick_Example02.a(SW1.o)
 .debug_info    0x00002f9d      0x24d .\CortexM0\ARM_GCC_541\Debug\SysTick_Example02.a(isr_GPIO_0.o)
 .debug_info    0x000031ea      0x24d .\CortexM0\ARM_GCC_541\Debug\SysTick_Example02.a(isr_GPIO_3.o)
 .debug_info    0x00003437      0x19a .\CortexM0\ARM_GCC_541\Debug\SysTick_Example02.a(SW3.o)
 .debug_info    0x000035d1      0x19a .\CortexM0\ARM_GCC_541\Debug\SysTick_Example02.a(LED_GPIO0.o)
 .debug_info    0x0000376b      0x19a .\CortexM0\ARM_GCC_541\Debug\SysTick_Example02.a(LED_GPIO1.o)
 .debug_info    0x00003905      0x19a .\CortexM0\ARM_GCC_541\Debug\SysTick_Example02.a(LED_GPIO2.o)
 .debug_info    0x00003a9f      0x19a .\CortexM0\ARM_GCC_541\Debug\SysTick_Example02.a(LED_GPIO3.o)
 .debug_info    0x00003c39      0x24d .\CortexM0\ARM_GCC_541\Debug\SysTick_Example02.a(isr_GPIO_4.o)
 .debug_info    0x00003e86      0x19a .\CortexM0\ARM_GCC_541\Debug\SysTick_Example02.a(SW4.o)
 .debug_info    0x00004020      0x24d .\CortexM0\ARM_GCC_541\Debug\SysTick_Example02.a(isr_GPIO_5.o)
 .debug_info    0x0000426d      0x19a .\CortexM0\ARM_GCC_541\Debug\SysTick_Example02.a(SW5.o)
 .debug_info    0x00004407      0x19a .\CortexM0\ARM_GCC_541\Debug\SysTick_Example02.a(LED_GPIO4.o)
 .debug_info    0x000045a1      0x19a .\CortexM0\ARM_GCC_541\Debug\SysTick_Example02.a(LED_GPIO5.o)
 .debug_info    0x0000473b       0x81 .\CortexM0\ARM_GCC_541\Debug\SysTick_Example02.a(CyBootAsmGnu.o)
 .debug_info    0x000047bc      0x218 .\CortexM0\ARM_GCC_541\Debug\SysTick_Example02.a(UART_SPI_UART.o)
 .debug_info    0x000049d4      0x263 .\CortexM0\ARM_GCC_541\Debug\SysTick_Example02.a(CyFlash.o)

.debug_abbrev   0x00000000     0x1dfd
 *(.debug_abbrev)
 .debug_abbrev  0x00000000       0xe2 .\CortexM0\ARM_GCC_541\Debug\main.o
 .debug_abbrev  0x000000e2      0x18a .\CortexM0\ARM_GCC_541\Debug\cyfitter_cfg.o
 .debug_abbrev  0x0000026c       0x5d .\CortexM0\ARM_GCC_541\Debug\cymetadata.o
 .debug_abbrev  0x000002c9      0x1c8 .\CortexM0\ARM_GCC_541\Debug\Cm0Start.o
 .debug_abbrev  0x00000491       0xcb .\CortexM0\ARM_GCC_541\Debug\SysTick_Example02.a(UART.o)
 .debug_abbrev  0x0000055c       0xfd .\CortexM0\ARM_GCC_541\Debug\SysTick_Example02.a(UART_UART.o)
 .debug_abbrev  0x00000659      0x1e8 .\CortexM0\ARM_GCC_541\Debug\SysTick_Example02.a(CyLib.o)
 .debug_abbrev  0x00000841      0x22a .\CortexM0\ARM_GCC_541\Debug\SysTick_Example02.a(CyLFClk.o)
 .debug_abbrev  0x00000a6b       0xaa .\CortexM0\ARM_GCC_541\Debug\SysTick_Example02.a(SW0.o)
 .debug_abbrev  0x00000b15       0xaa .\CortexM0\ARM_GCC_541\Debug\SysTick_Example02.a(LED.o)
 .debug_abbrev  0x00000bbf       0xaa .\CortexM0\ARM_GCC_541\Debug\SysTick_Example02.a(SW2.o)
 .debug_abbrev  0x00000c69      0x16a .\CortexM0\ARM_GCC_541\Debug\SysTick_Example02.a(isr_GPIO_2.o)
 .debug_abbrev  0x00000dd3      0x16a .\CortexM0\ARM_GCC_541\Debug\SysTick_Example02.a(isr_GPIO_1.o)
 .debug_abbrev  0x00000f3d       0xaa .\CortexM0\ARM_GCC_541\Debug\SysTick_Example02.a(SW1.o)
 .debug_abbrev  0x00000fe7      0x16a .\CortexM0\ARM_GCC_541\Debug\SysTick_Example02.a(isr_GPIO_0.o)
 .debug_abbrev  0x00001151      0x16a .\CortexM0\ARM_GCC_541\Debug\SysTick_Example02.a(isr_GPIO_3.o)
 .debug_abbrev  0x000012bb       0xaa .\CortexM0\ARM_GCC_541\Debug\SysTick_Example02.a(SW3.o)
 .debug_abbrev  0x00001365       0xaa .\CortexM0\ARM_GCC_541\Debug\SysTick_Example02.a(LED_GPIO0.o)
 .debug_abbrev  0x0000140f       0xaa .\CortexM0\ARM_GCC_541\Debug\SysTick_Example02.a(LED_GPIO1.o)
 .debug_abbrev  0x000014b9       0xaa .\CortexM0\ARM_GCC_541\Debug\SysTick_Example02.a(LED_GPIO2.o)
 .debug_abbrev  0x00001563       0xaa .\CortexM0\ARM_GCC_541\Debug\SysTick_Example02.a(LED_GPIO3.o)
 .debug_abbrev  0x0000160d      0x16a .\CortexM0\ARM_GCC_541\Debug\SysTick_Example02.a(isr_GPIO_4.o)
 .debug_abbrev  0x00001777       0xaa .\CortexM0\ARM_GCC_541\Debug\SysTick_Example02.a(SW4.o)
 .debug_abbrev  0x00001821      0x16a .\CortexM0\ARM_GCC_541\Debug\SysTick_Example02.a(isr_GPIO_5.o)
 .debug_abbrev  0x0000198b       0xaa .\CortexM0\ARM_GCC_541\Debug\SysTick_Example02.a(SW5.o)
 .debug_abbrev  0x00001a35       0xaa .\CortexM0\ARM_GCC_541\Debug\SysTick_Example02.a(LED_GPIO4.o)
 .debug_abbrev  0x00001adf       0xaa .\CortexM0\ARM_GCC_541\Debug\SysTick_Example02.a(LED_GPIO5.o)
 .debug_abbrev  0x00001b89       0x14 .\CortexM0\ARM_GCC_541\Debug\SysTick_Example02.a(CyBootAsmGnu.o)
 .debug_abbrev  0x00001b9d      0x140 .\CortexM0\ARM_GCC_541\Debug\SysTick_Example02.a(UART_SPI_UART.o)
 .debug_abbrev  0x00001cdd      0x120 .\CortexM0\ARM_GCC_541\Debug\SysTick_Example02.a(CyFlash.o)

.debug_line     0x00000000     0x2a56
 *(.debug_line)
 .debug_line    0x00000000      0x1a2 .\CortexM0\ARM_GCC_541\Debug\main.o
 .debug_line    0x000001a2      0x1a5 .\CortexM0\ARM_GCC_541\Debug\cyfitter_cfg.o
 .debug_line    0x00000347      0x141 .\CortexM0\ARM_GCC_541\Debug\cymetadata.o
 .debug_line    0x00000488      0x1d0 .\CortexM0\ARM_GCC_541\Debug\Cm0Start.o
 .debug_line    0x00000658      0x105 .\CortexM0\ARM_GCC_541\Debug\SysTick_Example02.a(UART.o)
 .debug_line    0x0000075d      0x1c3 .\CortexM0\ARM_GCC_541\Debug\SysTick_Example02.a(UART_UART.o)
 .debug_line    0x00000920      0x558 .\CortexM0\ARM_GCC_541\Debug\SysTick_Example02.a(CyLib.o)
 .debug_line    0x00000e78      0x708 .\CortexM0\ARM_GCC_541\Debug\SysTick_Example02.a(CyLFClk.o)
 .debug_line    0x00001580       0xbb .\CortexM0\ARM_GCC_541\Debug\SysTick_Example02.a(SW0.o)
 .debug_line    0x0000163b       0xbb .\CortexM0\ARM_GCC_541\Debug\SysTick_Example02.a(LED.o)
 .debug_line    0x000016f6       0xbb .\CortexM0\ARM_GCC_541\Debug\SysTick_Example02.a(SW2.o)
 .debug_line    0x000017b1      0x159 .\CortexM0\ARM_GCC_541\Debug\SysTick_Example02.a(isr_GPIO_2.o)
 .debug_line    0x0000190a      0x159 .\CortexM0\ARM_GCC_541\Debug\SysTick_Example02.a(isr_GPIO_1.o)
 .debug_line    0x00001a63       0xbb .\CortexM0\ARM_GCC_541\Debug\SysTick_Example02.a(SW1.o)
 .debug_line    0x00001b1e      0x149 .\CortexM0\ARM_GCC_541\Debug\SysTick_Example02.a(isr_GPIO_0.o)
 .debug_line    0x00001c67      0x159 .\CortexM0\ARM_GCC_541\Debug\SysTick_Example02.a(isr_GPIO_3.o)
 .debug_line    0x00001dc0       0xbb .\CortexM0\ARM_GCC_541\Debug\SysTick_Example02.a(SW3.o)
 .debug_line    0x00001e7b       0xc1 .\CortexM0\ARM_GCC_541\Debug\SysTick_Example02.a(LED_GPIO0.o)
 .debug_line    0x00001f3c       0xc1 .\CortexM0\ARM_GCC_541\Debug\SysTick_Example02.a(LED_GPIO1.o)
 .debug_line    0x00001ffd       0xc1 .\CortexM0\ARM_GCC_541\Debug\SysTick_Example02.a(LED_GPIO2.o)
 .debug_line    0x000020be       0xc1 .\CortexM0\ARM_GCC_541\Debug\SysTick_Example02.a(LED_GPIO3.o)
 .debug_line    0x0000217f      0x159 .\CortexM0\ARM_GCC_541\Debug\SysTick_Example02.a(isr_GPIO_4.o)
 .debug_line    0x000022d8       0xbb .\CortexM0\ARM_GCC_541\Debug\SysTick_Example02.a(SW4.o)
 .debug_line    0x00002393      0x159 .\CortexM0\ARM_GCC_541\Debug\SysTick_Example02.a(isr_GPIO_5.o)
 .debug_line    0x000024ec       0xbb .\CortexM0\ARM_GCC_541\Debug\SysTick_Example02.a(SW5.o)
 .debug_line    0x000025a7       0xc1 .\CortexM0\ARM_GCC_541\Debug\SysTick_Example02.a(LED_GPIO4.o)
 .debug_line    0x00002668       0xc1 .\CortexM0\ARM_GCC_541\Debug\SysTick_Example02.a(LED_GPIO5.o)
 .debug_line    0x00002729       0x68 .\CortexM0\ARM_GCC_541\Debug\SysTick_Example02.a(CyBootAsmGnu.o)
 .debug_line    0x00002791      0x123 .\CortexM0\ARM_GCC_541\Debug\SysTick_Example02.a(UART_SPI_UART.o)
 .debug_line    0x000028b4      0x1a2 .\CortexM0\ARM_GCC_541\Debug\SysTick_Example02.a(CyFlash.o)

.debug_frame    0x00000000     0x2b70
 *(.debug_frame)
 .debug_frame   0x00000000      0x100 .\CortexM0\ARM_GCC_541\Debug\main.o
 .debug_frame   0x00000100       0xe8 .\CortexM0\ARM_GCC_541\Debug\cyfitter_cfg.o
 .debug_frame   0x000001e8       0xc8 .\CortexM0\ARM_GCC_541\Debug\Cm0Start.o
 .debug_frame   0x000002b0      0x114 .\CortexM0\ARM_GCC_541\Debug\SysTick_Example02.a(UART.o)
 .debug_frame   0x000003c4      0x1dc .\CortexM0\ARM_GCC_541\Debug\SysTick_Example02.a(UART_UART.o)
 .debug_frame   0x000005a0      0x6a0 .\CortexM0\ARM_GCC_541\Debug\SysTick_Example02.a(CyLib.o)
 .debug_frame   0x00000c40      0x5dc .\CortexM0\ARM_GCC_541\Debug\SysTick_Example02.a(CyLFClk.o)
 .debug_frame   0x0000121c       0xc8 .\CortexM0\ARM_GCC_541\Debug\SysTick_Example02.a(SW0.o)
 .debug_frame   0x000012e4       0xc8 .\CortexM0\ARM_GCC_541\Debug\SysTick_Example02.a(LED.o)
 .debug_frame   0x000013ac       0xc8 .\CortexM0\ARM_GCC_541\Debug\SysTick_Example02.a(SW2.o)
 .debug_frame   0x00001474      0x190 .\CortexM0\ARM_GCC_541\Debug\SysTick_Example02.a(isr_GPIO_2.o)
 .debug_frame   0x00001604      0x190 .\CortexM0\ARM_GCC_541\Debug\SysTick_Example02.a(isr_GPIO_1.o)
 .debug_frame   0x00001794       0xc8 .\CortexM0\ARM_GCC_541\Debug\SysTick_Example02.a(SW1.o)
 .debug_frame   0x0000185c      0x190 .\CortexM0\ARM_GCC_541\Debug\SysTick_Example02.a(isr_GPIO_0.o)
 .debug_frame   0x000019ec      0x190 .\CortexM0\ARM_GCC_541\Debug\SysTick_Example02.a(isr_GPIO_3.o)
 .debug_frame   0x00001b7c       0xc8 .\CortexM0\ARM_GCC_541\Debug\SysTick_Example02.a(SW3.o)
 .debug_frame   0x00001c44       0xc8 .\CortexM0\ARM_GCC_541\Debug\SysTick_Example02.a(LED_GPIO0.o)
 .debug_frame   0x00001d0c       0xc8 .\CortexM0\ARM_GCC_541\Debug\SysTick_Example02.a(LED_GPIO1.o)
 .debug_frame   0x00001dd4       0xc8 .\CortexM0\ARM_GCC_541\Debug\SysTick_Example02.a(LED_GPIO2.o)
 .debug_frame   0x00001e9c       0xc8 .\CortexM0\ARM_GCC_541\Debug\SysTick_Example02.a(LED_GPIO3.o)
 .debug_frame   0x00001f64      0x190 .\CortexM0\ARM_GCC_541\Debug\SysTick_Example02.a(isr_GPIO_4.o)
 .debug_frame   0x000020f4       0xc8 .\CortexM0\ARM_GCC_541\Debug\SysTick_Example02.a(SW4.o)
 .debug_frame   0x000021bc      0x190 .\CortexM0\ARM_GCC_541\Debug\SysTick_Example02.a(isr_GPIO_5.o)
 .debug_frame   0x0000234c       0xc8 .\CortexM0\ARM_GCC_541\Debug\SysTick_Example02.a(SW5.o)
 .debug_frame   0x00002414       0xc8 .\CortexM0\ARM_GCC_541\Debug\SysTick_Example02.a(LED_GPIO4.o)
 .debug_frame   0x000024dc       0xc8 .\CortexM0\ARM_GCC_541\Debug\SysTick_Example02.a(LED_GPIO5.o)
 .debug_frame   0x000025a4      0x128 .\CortexM0\ARM_GCC_541\Debug\SysTick_Example02.a(UART_SPI_UART.o)
 .debug_frame   0x000026cc       0xbc .\CortexM0\ARM_GCC_541\Debug\SysTick_Example02.a(CyFlash.o)
 .debug_frame   0x00002788       0x20 c:/program files (x86)/cypress/psoc creator/4.4/psoc creator/import/gnu/arm/5.4.1/bin/../lib/gcc/arm-none-eabi/5.4.1/armv6-m\libgcc.a(_udivsi3.o)
 .debug_frame   0x000027a8       0x20 c:/program files (x86)/cypress/psoc creator/4.4/psoc creator/import/gnu/arm/5.4.1/bin/../lib/gcc/arm-none-eabi/5.4.1/armv6-m\libgcc.a(_divsi3.o)
 .debug_frame   0x000027c8       0x20 c:/program files (x86)/cypress/psoc creator/4.4/psoc creator/import/gnu/arm/5.4.1/bin/../lib/gcc/arm-none-eabi/5.4.1/../../../../arm-none-eabi/lib/armv6-m\libg_nano.a(lib_a-errno.o)
 .debug_frame   0x000027e8       0x28 c:/program files (x86)/cypress/psoc creator/4.4/psoc creator/import/gnu/arm/5.4.1/bin/../lib/gcc/arm-none-eabi/5.4.1/../../../../arm-none-eabi/lib/armv6-m\libg_nano.a(lib_a-exit.o)
 .debug_frame   0x00002810       0x2c c:/program files (x86)/cypress/psoc creator/4.4/psoc creator/import/gnu/arm/5.4.1/bin/../lib/gcc/arm-none-eabi/5.4.1/../../../../arm-none-eabi/lib/armv6-m\libg_nano.a(lib_a-init.o)
 .debug_frame   0x0000283c       0x28 c:/program files (x86)/cypress/psoc creator/4.4/psoc creator/import/gnu/arm/5.4.1/bin/../lib/gcc/arm-none-eabi/5.4.1/../../../../arm-none-eabi/lib/armv6-m\libg_nano.a(lib_a-memcpy-stub.o)
 .debug_frame   0x00002864       0x20 c:/program files (x86)/cypress/psoc creator/4.4/psoc creator/import/gnu/arm/5.4.1/bin/../lib/gcc/arm-none-eabi/5.4.1/../../../../arm-none-eabi/lib/armv6-m\libg_nano.a(lib_a-memset.o)
 .debug_frame   0x00002884       0x50 c:/program files (x86)/cypress/psoc creator/4.4/psoc creator/import/gnu/arm/5.4.1/bin/../lib/gcc/arm-none-eabi/5.4.1/../../../../arm-none-eabi/lib/armv6-m\libg_nano.a(lib_a-sprintf.o)
 .debug_frame   0x000028d4       0x20 c:/program files (x86)/cypress/psoc creator/4.4/psoc creator/import/gnu/arm/5.4.1/bin/../lib/gcc/arm-none-eabi/5.4.1/../../../../arm-none-eabi/lib/armv6-m\libg_nano.a(lib_a-strcmp.o)
 .debug_frame   0x000028f4       0x20 c:/program files (x86)/cypress/psoc creator/4.4/psoc creator/import/gnu/arm/5.4.1/bin/../lib/gcc/arm-none-eabi/5.4.1/../../../../arm-none-eabi/lib/armv6-m\libg_nano.a(lib_a-strcpy.o)
 .debug_frame   0x00002914       0x74 c:/program files (x86)/cypress/psoc creator/4.4/psoc creator/import/gnu/arm/5.4.1/bin/../lib/gcc/arm-none-eabi/5.4.1/../../../../arm-none-eabi/lib/armv6-m\libg_nano.a(lib_a-nano-svfprintf.o)
 .debug_frame   0x00002988       0x54 c:/program files (x86)/cypress/psoc creator/4.4/psoc creator/import/gnu/arm/5.4.1/bin/../lib/gcc/arm-none-eabi/5.4.1/../../../../arm-none-eabi/lib/armv6-m\libg_nano.a(lib_a-nano-vfprintf_i.o)
 .debug_frame   0x000029dc       0x20 c:/program files (x86)/cypress/psoc creator/4.4/psoc creator/import/gnu/arm/5.4.1/bin/../lib/gcc/arm-none-eabi/5.4.1/../../../../arm-none-eabi/lib/armv6-m\libg_nano.a(lib_a-memchr-stub.o)
 .debug_frame   0x000029fc       0x28 c:/program files (x86)/cypress/psoc creator/4.4/psoc creator/import/gnu/arm/5.4.1/bin/../lib/gcc/arm-none-eabi/5.4.1/../../../../arm-none-eabi/lib/armv6-m\libg_nano.a(lib_a-memmove.o)
 .debug_frame   0x00002a24       0x2c c:/program files (x86)/cypress/psoc creator/4.4/psoc creator/import/gnu/arm/5.4.1/bin/../lib/gcc/arm-none-eabi/5.4.1/../../../../arm-none-eabi/lib/armv6-m\libg_nano.a(lib_a-nano-freer.o)
 .debug_frame   0x00002a50       0x2c c:/program files (x86)/cypress/psoc creator/4.4/psoc creator/import/gnu/arm/5.4.1/bin/../lib/gcc/arm-none-eabi/5.4.1/../../../../arm-none-eabi/lib/armv6-m\libg_nano.a(lib_a-nano-mallocr.o)
 .debug_frame   0x00002a7c       0x30 c:/program files (x86)/cypress/psoc creator/4.4/psoc creator/import/gnu/arm/5.4.1/bin/../lib/gcc/arm-none-eabi/5.4.1/../../../../arm-none-eabi/lib/armv6-m\libg_nano.a(lib_a-nano-reallocr.o)
 .debug_frame   0x00002aac       0x2c c:/program files (x86)/cypress/psoc creator/4.4/psoc creator/import/gnu/arm/5.4.1/bin/../lib/gcc/arm-none-eabi/5.4.1/../../../../arm-none-eabi/lib/armv6-m\libg_nano.a(lib_a-sbrkr.o)
 .debug_frame   0x00002ad8       0x30 c:/program files (x86)/cypress/psoc creator/4.4/psoc creator/import/gnu/arm/5.4.1/bin/../lib/gcc/arm-none-eabi/5.4.1/../../../../arm-none-eabi/lib/armv6-m\libg_nano.a(lib_a-mlock.o)
 .debug_frame   0x00002b08       0x20 c:/program files (x86)/cypress/psoc creator/4.4/psoc creator/import/gnu/arm/5.4.1/bin/../lib/gcc/arm-none-eabi/5.4.1/../../../../arm-none-eabi/lib/armv6-m\libg_nano.a(lib_a-nano-msizer.o)
 .debug_frame   0x00002b28       0x48 c:/program files (x86)/cypress/psoc creator/4.4/psoc creator/import/gnu/arm/5.4.1/bin/../lib/gcc/arm-none-eabi/5.4.1/../../../../arm-none-eabi/lib/armv6-m\libg_nano.a(lib_a-reent.o)

.debug_str      0x00000000     0x24c6
 *(.debug_str)
 .debug_str     0x00000000      0x23b .\CortexM0\ARM_GCC_541\Debug\main.o
                                0x291 (size before relaxing)
 .debug_str     0x0000023b      0x11b .\CortexM0\ARM_GCC_541\Debug\cyfitter_cfg.o
                                0x2b1 (size before relaxing)
 .debug_str     0x00000356       0x63 .\CortexM0\ARM_GCC_541\Debug\cymetadata.o
                                0x1b9 (size before relaxing)
 .debug_str     0x000003b9      0x119 .\CortexM0\ARM_GCC_541\Debug\Cm0Start.o
                                0x2bf (size before relaxing)
 .debug_str     0x000004d2       0xe5 .\CortexM0\ARM_GCC_541\Debug\SysTick_Example02.a(UART.o)
                                0x26b (size before relaxing)
 .debug_str     0x000005b7      0x1d0 .\CortexM0\ARM_GCC_541\Debug\SysTick_Example02.a(UART_UART.o)
                                0x36e (size before relaxing)
 .debug_str     0x00000787      0x5fa .\CortexM0\ARM_GCC_541\Debug\SysTick_Example02.a(CyLib.o)
                                0x7a0 (size before relaxing)
 .debug_str     0x00000d81      0x703 .\CortexM0\ARM_GCC_541\Debug\SysTick_Example02.a(CyLFClk.o)
                                0x8d0 (size before relaxing)
 .debug_str     0x00001484       0x9d .\CortexM0\ARM_GCC_541\Debug\SysTick_Example02.a(SW0.o)
                                0x219 (size before relaxing)
 .debug_str     0x00001521       0x79 .\CortexM0\ARM_GCC_541\Debug\SysTick_Example02.a(LED.o)
                                0x219 (size before relaxing)
 .debug_str     0x0000159a       0x79 .\CortexM0\ARM_GCC_541\Debug\SysTick_Example02.a(SW2.o)
                                0x219 (size before relaxing)
 .debug_str     0x00001613      0x13b .\CortexM0\ARM_GCC_541\Debug\SysTick_Example02.a(isr_GPIO_2.o)
                                0x2f4 (size before relaxing)
 .debug_str     0x0000174e      0x12c .\CortexM0\ARM_GCC_541\Debug\SysTick_Example02.a(isr_GPIO_1.o)
                                0x2f4 (size before relaxing)
 .debug_str     0x0000187a       0x79 .\CortexM0\ARM_GCC_541\Debug\SysTick_Example02.a(SW1.o)
                                0x219 (size before relaxing)
 .debug_str     0x000018f3      0x12c .\CortexM0\ARM_GCC_541\Debug\SysTick_Example02.a(isr_GPIO_0.o)
                                0x2f4 (size before relaxing)
 .debug_str     0x00001a1f      0x12c .\CortexM0\ARM_GCC_541\Debug\SysTick_Example02.a(isr_GPIO_3.o)
                                0x2f4 (size before relaxing)
 .debug_str     0x00001b4b       0x79 .\CortexM0\ARM_GCC_541\Debug\SysTick_Example02.a(SW3.o)
                                0x219 (size before relaxing)
 .debug_str     0x00001bc4       0xa3 .\CortexM0\ARM_GCC_541\Debug\SysTick_Example02.a(LED_GPIO0.o)
                                0x243 (size before relaxing)
 .debug_str     0x00001c67       0xa3 .\CortexM0\ARM_GCC_541\Debug\SysTick_Example02.a(LED_GPIO1.o)
                                0x243 (size before relaxing)
 .debug_str     0x00001d0a       0xa3 .\CortexM0\ARM_GCC_541\Debug\SysTick_Example02.a(LED_GPIO2.o)
                                0x243 (size before relaxing)
 .debug_str     0x00001dad       0xa3 .\CortexM0\ARM_GCC_541\Debug\SysTick_Example02.a(LED_GPIO3.o)
                                0x243 (size before relaxing)
 .debug_str     0x00001e50      0x12c .\CortexM0\ARM_GCC_541\Debug\SysTick_Example02.a(isr_GPIO_4.o)
                                0x2f4 (size before relaxing)
 .debug_str     0x00001f7c       0x79 .\CortexM0\ARM_GCC_541\Debug\SysTick_Example02.a(SW4.o)
                                0x219 (size before relaxing)
 .debug_str     0x00001ff5      0x12c .\CortexM0\ARM_GCC_541\Debug\SysTick_Example02.a(isr_GPIO_5.o)
                                0x2f4 (size before relaxing)
 .debug_str     0x00002121       0x79 .\CortexM0\ARM_GCC_541\Debug\SysTick_Example02.a(SW5.o)
                                0x219 (size before relaxing)
 .debug_str     0x0000219a       0xa3 .\CortexM0\ARM_GCC_541\Debug\SysTick_Example02.a(LED_GPIO4.o)
                                0x243 (size before relaxing)
 .debug_str     0x0000223d       0xa3 .\CortexM0\ARM_GCC_541\Debug\SysTick_Example02.a(LED_GPIO5.o)
                                0x243 (size before relaxing)
 .debug_str     0x000022e0      0x12e .\CortexM0\ARM_GCC_541\Debug\SysTick_Example02.a(UART_SPI_UART.o)
                                0x2bf (size before relaxing)
 .debug_str     0x0000240e       0xb8 .\CortexM0\ARM_GCC_541\Debug\SysTick_Example02.a(CyFlash.o)
                                0x266 (size before relaxing)

.debug_loc
 *(.debug_loc)

.debug_macinfo
 *(.debug_macinfo)

.debug_ranges   0x00000000      0xac0
 *(.debug_ranges)
 .debug_ranges  0x00000000       0x48 .\CortexM0\ARM_GCC_541\Debug\main.o
 .debug_ranges  0x00000048       0x40 .\CortexM0\ARM_GCC_541\Debug\cyfitter_cfg.o
 .debug_ranges  0x00000088       0x38 .\CortexM0\ARM_GCC_541\Debug\Cm0Start.o
 .debug_ranges  0x000000c0       0x50 .\CortexM0\ARM_GCC_541\Debug\SysTick_Example02.a(UART.o)
 .debug_ranges  0x00000110       0x80 .\CortexM0\ARM_GCC_541\Debug\SysTick_Example02.a(UART_UART.o)
 .debug_ranges  0x00000190      0x1b8 .\CortexM0\ARM_GCC_541\Debug\SysTick_Example02.a(CyLib.o)
 .debug_ranges  0x00000348      0x180 .\CortexM0\ARM_GCC_541\Debug\SysTick_Example02.a(CyLFClk.o)
 .debug_ranges  0x000004c8       0x38 .\CortexM0\ARM_GCC_541\Debug\SysTick_Example02.a(SW0.o)
 .debug_ranges  0x00000500       0x38 .\CortexM0\ARM_GCC_541\Debug\SysTick_Example02.a(LED.o)
 .debug_ranges  0x00000538       0x38 .\CortexM0\ARM_GCC_541\Debug\SysTick_Example02.a(SW2.o)
 .debug_ranges  0x00000570       0x70 .\CortexM0\ARM_GCC_541\Debug\SysTick_Example02.a(isr_GPIO_2.o)
 .debug_ranges  0x000005e0       0x70 .\CortexM0\ARM_GCC_541\Debug\SysTick_Example02.a(isr_GPIO_1.o)
 .debug_ranges  0x00000650       0x38 .\CortexM0\ARM_GCC_541\Debug\SysTick_Example02.a(SW1.o)
 .debug_ranges  0x00000688       0x70 .\CortexM0\ARM_GCC_541\Debug\SysTick_Example02.a(isr_GPIO_0.o)
 .debug_ranges  0x000006f8       0x70 .\CortexM0\ARM_GCC_541\Debug\SysTick_Example02.a(isr_GPIO_3.o)
 .debug_ranges  0x00000768       0x38 .\CortexM0\ARM_GCC_541\Debug\SysTick_Example02.a(SW3.o)
 .debug_ranges  0x000007a0       0x38 .\CortexM0\ARM_GCC_541\Debug\SysTick_Example02.a(LED_GPIO0.o)
 .debug_ranges  0x000007d8       0x38 .\CortexM0\ARM_GCC_541\Debug\SysTick_Example02.a(LED_GPIO1.o)
 .debug_ranges  0x00000810       0x38 .\CortexM0\ARM_GCC_541\Debug\SysTick_Example02.a(LED_GPIO2.o)
 .debug_ranges  0x00000848       0x38 .\CortexM0\ARM_GCC_541\Debug\SysTick_Example02.a(LED_GPIO3.o)
 .debug_ranges  0x00000880       0x70 .\CortexM0\ARM_GCC_541\Debug\SysTick_Example02.a(isr_GPIO_4.o)
 .debug_ranges  0x000008f0       0x38 .\CortexM0\ARM_GCC_541\Debug\SysTick_Example02.a(SW4.o)
 .debug_ranges  0x00000928       0x70 .\CortexM0\ARM_GCC_541\Debug\SysTick_Example02.a(isr_GPIO_5.o)
 .debug_ranges  0x00000998       0x38 .\CortexM0\ARM_GCC_541\Debug\SysTick_Example02.a(SW5.o)
 .debug_ranges  0x000009d0       0x38 .\CortexM0\ARM_GCC_541\Debug\SysTick_Example02.a(LED_GPIO4.o)
 .debug_ranges  0x00000a08       0x38 .\CortexM0\ARM_GCC_541\Debug\SysTick_Example02.a(LED_GPIO5.o)
 .debug_ranges  0x00000a40       0x50 .\CortexM0\ARM_GCC_541\Debug\SysTick_Example02.a(UART_SPI_UART.o)
 .debug_ranges  0x00000a90       0x30 .\CortexM0\ARM_GCC_541\Debug\SysTick_Example02.a(CyFlash.o)

.comment        0x00000000       0x6e
 .comment       0x00000000       0x6e .\CortexM0\ARM_GCC_541\Debug\main.o
                                 0x6f (size before relaxing)
 .comment       0x0000006e       0x6f .\CortexM0\ARM_GCC_541\Debug\cyfitter_cfg.o
 .comment       0x0000006e       0x6f .\CortexM0\ARM_GCC_541\Debug\cymetadata.o
 .comment       0x0000006e       0x6f .\CortexM0\ARM_GCC_541\Debug\Cm0Start.o
 .comment       0x0000006e       0x6f .\CortexM0\ARM_GCC_541\Debug\SysTick_Example02.a(UART.o)
 .comment       0x0000006e       0x6f .\CortexM0\ARM_GCC_541\Debug\SysTick_Example02.a(UART_UART.o)
 .comment       0x0000006e       0x6f .\CortexM0\ARM_GCC_541\Debug\SysTick_Example02.a(CyLib.o)
 .comment       0x0000006e       0x6f .\CortexM0\ARM_GCC_541\Debug\SysTick_Example02.a(CyLFClk.o)
 .comment       0x0000006e       0x6f .\CortexM0\ARM_GCC_541\Debug\SysTick_Example02.a(SW0.o)
 .comment       0x0000006e       0x6f .\CortexM0\ARM_GCC_541\Debug\SysTick_Example02.a(LED.o)
 .comment       0x0000006e       0x6f .\CortexM0\ARM_GCC_541\Debug\SysTick_Example02.a(SW2.o)
 .comment       0x0000006e       0x6f .\CortexM0\ARM_GCC_541\Debug\SysTick_Example02.a(isr_GPIO_2.o)
 .comment       0x0000006e       0x6f .\CortexM0\ARM_GCC_541\Debug\SysTick_Example02.a(isr_GPIO_1.o)
 .comment       0x0000006e       0x6f .\CortexM0\ARM_GCC_541\Debug\SysTick_Example02.a(SW1.o)
 .comment       0x0000006e       0x6f .\CortexM0\ARM_GCC_541\Debug\SysTick_Example02.a(isr_GPIO_0.o)
 .comment       0x0000006e       0x6f .\CortexM0\ARM_GCC_541\Debug\SysTick_Example02.a(isr_GPIO_3.o)
 .comment       0x0000006e       0x6f .\CortexM0\ARM_GCC_541\Debug\SysTick_Example02.a(SW3.o)
 .comment       0x0000006e       0x6f .\CortexM0\ARM_GCC_541\Debug\SysTick_Example02.a(LED_GPIO0.o)
 .comment       0x0000006e       0x6f .\CortexM0\ARM_GCC_541\Debug\SysTick_Example02.a(LED_GPIO1.o)
 .comment       0x0000006e       0x6f .\CortexM0\ARM_GCC_541\Debug\SysTick_Example02.a(LED_GPIO2.o)
 .comment       0x0000006e       0x6f .\CortexM0\ARM_GCC_541\Debug\SysTick_Example02.a(LED_GPIO3.o)
 .comment       0x0000006e       0x6f .\CortexM0\ARM_GCC_541\Debug\SysTick_Example02.a(isr_GPIO_4.o)
 .comment       0x0000006e       0x6f .\CortexM0\ARM_GCC_541\Debug\SysTick_Example02.a(SW4.o)
 .comment       0x0000006e       0x6f .\CortexM0\ARM_GCC_541\Debug\SysTick_Example02.a(isr_GPIO_5.o)
 .comment       0x0000006e       0x6f .\CortexM0\ARM_GCC_541\Debug\SysTick_Example02.a(SW5.o)
 .comment       0x0000006e       0x6f .\CortexM0\ARM_GCC_541\Debug\SysTick_Example02.a(LED_GPIO4.o)
 .comment       0x0000006e       0x6f .\CortexM0\ARM_GCC_541\Debug\SysTick_Example02.a(LED_GPIO5.o)
 .comment       0x0000006e       0x6f .\CortexM0\ARM_GCC_541\Debug\SysTick_Example02.a(UART_SPI_UART.o)
 .comment       0x0000006e       0x6f .\CortexM0\ARM_GCC_541\Debug\SysTick_Example02.a(CyFlash.o)

.debug_weaknames
 *(.debug_weaknames)

.debug_funcnames
 *(.debug_funcnames)

.debug_typenames
 *(.debug_typenames)

.debug_varnames
 *(.debug_varnames)

.note.gnu.arm.ident
 *(.note.gnu.arm.ident)

.ARM.attributes
                0x00000000       0x28
 *(.ARM.attributes)
 .ARM.attributes
                0x00000000       0x1e c:/program files (x86)/cypress/psoc creator/4.4/psoc creator/import/gnu/arm/5.4.1/bin/../lib/gcc/arm-none-eabi/5.4.1/armv6-m/crti.o
 .ARM.attributes
                0x0000001e       0x2c c:/program files (x86)/cypress/psoc creator/4.4/psoc creator/import/gnu/arm/5.4.1/bin/../lib/gcc/arm-none-eabi/5.4.1/armv6-m/crtbegin.o
 .ARM.attributes
                0x0000004a       0x1b c:/program files (x86)/cypress/psoc creator/4.4/psoc creator/import/gnu/arm/5.4.1/bin/../lib/gcc/arm-none-eabi/5.4.1/../../../../arm-none-eabi/lib/armv6-m/crt0.o
 .ARM.attributes
                0x00000065       0x31 .\CortexM0\ARM_GCC_541\Debug\main.o
 .ARM.attributes
                0x00000096       0x31 .\CortexM0\ARM_GCC_541\Debug\cyfitter_cfg.o
 .ARM.attributes
                0x000000c7       0x31 .\CortexM0\ARM_GCC_541\Debug\cymetadata.o
 .ARM.attributes
                0x000000f8       0x31 .\CortexM0\ARM_GCC_541\Debug\Cm0Start.o
 .ARM.attributes
                0x00000129       0x31 .\CortexM0\ARM_GCC_541\Debug\SysTick_Example02.a(UART.o)
 .ARM.attributes
                0x0000015a       0x31 .\CortexM0\ARM_GCC_541\Debug\SysTick_Example02.a(UART_UART.o)
 .ARM.attributes
                0x0000018b       0x31 .\CortexM0\ARM_GCC_541\Debug\SysTick_Example02.a(CyLib.o)
 .ARM.attributes
                0x000001bc       0x31 .\CortexM0\ARM_GCC_541\Debug\SysTick_Example02.a(CyLFClk.o)
 .ARM.attributes
                0x000001ed       0x31 .\CortexM0\ARM_GCC_541\Debug\SysTick_Example02.a(SW0.o)
 .ARM.attributes
                0x0000021e       0x31 .\CortexM0\ARM_GCC_541\Debug\SysTick_Example02.a(LED.o)
 .ARM.attributes
                0x0000024f       0x31 .\CortexM0\ARM_GCC_541\Debug\SysTick_Example02.a(SW2.o)
 .ARM.attributes
                0x00000280       0x31 .\CortexM0\ARM_GCC_541\Debug\SysTick_Example02.a(isr_GPIO_2.o)
 .ARM.attributes
                0x000002b1       0x31 .\CortexM0\ARM_GCC_541\Debug\SysTick_Example02.a(isr_GPIO_1.o)
 .ARM.attributes
                0x000002e2       0x31 .\CortexM0\ARM_GCC_541\Debug\SysTick_Example02.a(SW1.o)
 .ARM.attributes
                0x00000313       0x31 .\CortexM0\ARM_GCC_541\Debug\SysTick_Example02.a(isr_GPIO_0.o)
 .ARM.attributes
                0x00000344       0x31 .\CortexM0\ARM_GCC_541\Debug\SysTick_Example02.a(isr_GPIO_3.o)
 .ARM.attributes
                0x00000375       0x31 .\CortexM0\ARM_GCC_541\Debug\SysTick_Example02.a(SW3.o)
 .ARM.attributes
                0x000003a6       0x31 .\CortexM0\ARM_GCC_541\Debug\SysTick_Example02.a(LED_GPIO0.o)
 .ARM.attributes
                0x000003d7       0x31 .\CortexM0\ARM_GCC_541\Debug\SysTick_Example02.a(LED_GPIO1.o)
 .ARM.attributes
                0x00000408       0x31 .\CortexM0\ARM_GCC_541\Debug\SysTick_Example02.a(LED_GPIO2.o)
 .ARM.attributes
                0x00000439       0x31 .\CortexM0\ARM_GCC_541\Debug\SysTick_Example02.a(LED_GPIO3.o)
 .ARM.attributes
                0x0000046a       0x31 .\CortexM0\ARM_GCC_541\Debug\SysTick_Example02.a(isr_GPIO_4.o)
 .ARM.attributes
                0x0000049b       0x31 .\CortexM0\ARM_GCC_541\Debug\SysTick_Example02.a(SW4.o)
 .ARM.attributes
                0x000004cc       0x31 .\CortexM0\ARM_GCC_541\Debug\SysTick_Example02.a(isr_GPIO_5.o)
 .ARM.attributes
                0x000004fd       0x31 .\CortexM0\ARM_GCC_541\Debug\SysTick_Example02.a(SW5.o)
 .ARM.attributes
                0x0000052e       0x31 .\CortexM0\ARM_GCC_541\Debug\SysTick_Example02.a(LED_GPIO4.o)
 .ARM.attributes
                0x0000055f       0x31 .\CortexM0\ARM_GCC_541\Debug\SysTick_Example02.a(LED_GPIO5.o)
 .ARM.attributes
                0x00000590       0x21 .\CortexM0\ARM_GCC_541\Debug\SysTick_Example02.a(CyBootAsmGnu.o)
 .ARM.attributes
                0x000005b1       0x31 .\CortexM0\ARM_GCC_541\Debug\SysTick_Example02.a(UART_SPI_UART.o)
 .ARM.attributes
                0x000005e2       0x31 .\CortexM0\ARM_GCC_541\Debug\SysTick_Example02.a(CyFlash.o)
 .ARM.attributes
                0x00000613       0x1e c:/program files (x86)/cypress/psoc creator/4.4/psoc creator/import/gnu/arm/5.4.1/bin/../lib/gcc/arm-none-eabi/5.4.1/armv6-m\libgcc.a(_udivsi3.o)
 .ARM.attributes
                0x00000631       0x1e c:/program files (x86)/cypress/psoc creator/4.4/psoc creator/import/gnu/arm/5.4.1/bin/../lib/gcc/arm-none-eabi/5.4.1/armv6-m\libgcc.a(_divsi3.o)
 .ARM.attributes
                0x0000064f       0x1e c:/program files (x86)/cypress/psoc creator/4.4/psoc creator/import/gnu/arm/5.4.1/bin/../lib/gcc/arm-none-eabi/5.4.1/armv6-m\libgcc.a(_dvmd_tls.o)
 .ARM.attributes
                0x0000066d       0x2c c:/program files (x86)/cypress/psoc creator/4.4/psoc creator/import/gnu/arm/5.4.1/bin/../lib/gcc/arm-none-eabi/5.4.1/../../../../arm-none-eabi/lib/armv6-m\libg_nano.a(lib_a-errno.o)
 .ARM.attributes
                0x00000699       0x2c c:/program files (x86)/cypress/psoc creator/4.4/psoc creator/import/gnu/arm/5.4.1/bin/../lib/gcc/arm-none-eabi/5.4.1/../../../../arm-none-eabi/lib/armv6-m\libg_nano.a(lib_a-exit.o)
 .ARM.attributes
                0x000006c5       0x2c c:/program files (x86)/cypress/psoc creator/4.4/psoc creator/import/gnu/arm/5.4.1/bin/../lib/gcc/arm-none-eabi/5.4.1/../../../../arm-none-eabi/lib/armv6-m\libg_nano.a(lib_a-impure.o)
 .ARM.attributes
                0x000006f1       0x2c c:/program files (x86)/cypress/psoc creator/4.4/psoc creator/import/gnu/arm/5.4.1/bin/../lib/gcc/arm-none-eabi/5.4.1/../../../../arm-none-eabi/lib/armv6-m\libg_nano.a(lib_a-init.o)
 .ARM.attributes
                0x0000071d       0x2c c:/program files (x86)/cypress/psoc creator/4.4/psoc creator/import/gnu/arm/5.4.1/bin/../lib/gcc/arm-none-eabi/5.4.1/../../../../arm-none-eabi/lib/armv6-m\libg_nano.a(lib_a-memcpy-stub.o)
 .ARM.attributes
                0x00000749       0x2c c:/program files (x86)/cypress/psoc creator/4.4/psoc creator/import/gnu/arm/5.4.1/bin/../lib/gcc/arm-none-eabi/5.4.1/../../../../arm-none-eabi/lib/armv6-m\libg_nano.a(lib_a-memset.o)
 .ARM.attributes
                0x00000775       0x2c c:/program files (x86)/cypress/psoc creator/4.4/psoc creator/import/gnu/arm/5.4.1/bin/../lib/gcc/arm-none-eabi/5.4.1/../../../../arm-none-eabi/lib/armv6-m\libg_nano.a(lib_a-sprintf.o)
 .ARM.attributes
                0x000007a1       0x1c c:/program files (x86)/cypress/psoc creator/4.4/psoc creator/import/gnu/arm/5.4.1/bin/../lib/gcc/arm-none-eabi/5.4.1/../../../../arm-none-eabi/lib/armv6-m\libg_nano.a(lib_a-strcmp.o)
 .ARM.attributes
                0x000007bd       0x2c c:/program files (x86)/cypress/psoc creator/4.4/psoc creator/import/gnu/arm/5.4.1/bin/../lib/gcc/arm-none-eabi/5.4.1/../../../../arm-none-eabi/lib/armv6-m\libg_nano.a(lib_a-strcpy.o)
 .ARM.attributes
                0x000007e9       0x2c c:/program files (x86)/cypress/psoc creator/4.4/psoc creator/import/gnu/arm/5.4.1/bin/../lib/gcc/arm-none-eabi/5.4.1/../../../../arm-none-eabi/lib/armv6-m\libg_nano.a(lib_a-nano-svfprintf.o)
 .ARM.attributes
                0x00000815       0x2c c:/program files (x86)/cypress/psoc creator/4.4/psoc creator/import/gnu/arm/5.4.1/bin/../lib/gcc/arm-none-eabi/5.4.1/../../../../arm-none-eabi/lib/armv6-m\libg_nano.a(lib_a-nano-vfprintf_i.o)
 .ARM.attributes
                0x00000841       0x2c c:/program files (x86)/cypress/psoc creator/4.4/psoc creator/import/gnu/arm/5.4.1/bin/../lib/gcc/arm-none-eabi/5.4.1/../../../../arm-none-eabi/lib/armv6-m\libg_nano.a(lib_a-memchr-stub.o)
 .ARM.attributes
                0x0000086d       0x2c c:/program files (x86)/cypress/psoc creator/4.4/psoc creator/import/gnu/arm/5.4.1/bin/../lib/gcc/arm-none-eabi/5.4.1/../../../../arm-none-eabi/lib/armv6-m\libg_nano.a(lib_a-memmove.o)
 .ARM.attributes
                0x00000899       0x2c c:/program files (x86)/cypress/psoc creator/4.4/psoc creator/import/gnu/arm/5.4.1/bin/../lib/gcc/arm-none-eabi/5.4.1/../../../../arm-none-eabi/lib/armv6-m\libg_nano.a(lib_a-nano-freer.o)
 .ARM.attributes
                0x000008c5       0x2c c:/program files (x86)/cypress/psoc creator/4.4/psoc creator/import/gnu/arm/5.4.1/bin/../lib/gcc/arm-none-eabi/5.4.1/../../../../arm-none-eabi/lib/armv6-m\libg_nano.a(lib_a-nano-mallocr.o)
 .ARM.attributes
                0x000008f1       0x2c c:/program files (x86)/cypress/psoc creator/4.4/psoc creator/import/gnu/arm/5.4.1/bin/../lib/gcc/arm-none-eabi/5.4.1/../../../../arm-none-eabi/lib/armv6-m\libg_nano.a(lib_a-nano-reallocr.o)
 .ARM.attributes
                0x0000091d       0x2c c:/program files (x86)/cypress/psoc creator/4.4/psoc creator/import/gnu/arm/5.4.1/bin/../lib/gcc/arm-none-eabi/5.4.1/../../../../arm-none-eabi/lib/armv6-m\libg_nano.a(lib_a-sbrkr.o)
 .ARM.attributes
                0x00000949       0x2c c:/program files (x86)/cypress/psoc creator/4.4/psoc creator/import/gnu/arm/5.4.1/bin/../lib/gcc/arm-none-eabi/5.4.1/../../../../arm-none-eabi/lib/armv6-m\libg_nano.a(lib_a-mlock.o)
 .ARM.attributes
                0x00000975       0x2c c:/program files (x86)/cypress/psoc creator/4.4/psoc creator/import/gnu/arm/5.4.1/bin/../lib/gcc/arm-none-eabi/5.4.1/../../../../arm-none-eabi/lib/armv6-m\libg_nano.a(lib_a-nano-msizer.o)
 .ARM.attributes
                0x000009a1       0x2c c:/program files (x86)/cypress/psoc creator/4.4/psoc creator/import/gnu/arm/5.4.1/bin/../lib/gcc/arm-none-eabi/5.4.1/../../../../arm-none-eabi/lib/armv6-m\libg_nano.a(lib_a-reent.o)
 .ARM.attributes
                0x000009cd       0x2c c:/program files (x86)/cypress/psoc creator/4.4/psoc creator/import/gnu/arm/5.4.1/bin/../lib/gcc/arm-none-eabi/5.4.1/armv6-m/crtend.o
 .ARM.attributes
                0x000009f9       0x1e c:/program files (x86)/cypress/psoc creator/4.4/psoc creator/import/gnu/arm/5.4.1/bin/../lib/gcc/arm-none-eabi/5.4.1/armv6-m/crtn.o

/DISCARD/
 *(.note.GNU-stack)
OUTPUT(C:\SysTick_Example02.cydsn\SysTick_Example02.cydsn\CortexM0\ARM_GCC_541\Debug\SysTick_Example02.elf elf32-littlearm)
